Using license file /home/js/gurobi/gurobi.lic
Set parameter TimeLimit to value 600
Set parameter Cuts to value 0
Set parameter LogFile to value gurobi.log
Academic license - for non-commercial use only

Gurobi Optimizer version 9.0.0 build v9.0.0rc2 (linux64)
Copyright (c) 2019, Gurobi Optimization, LLC

Read LP format model from file a.lp
Reading time = 0.00 seconds
Obj: 20 rows, 40 columns, 374 nonzeros
Optimize a model with 20 rows, 40 columns and 374 nonzeros
Model fingerprint: 0x9372698d
Variable types: 20 continuous, 20 integer (0 binary)
Coefficient statistics:
  Matrix range     [1e+00, 9e+00]
  Objective range  [1e+00, 9e+00]
  Bounds range     [0e+00, 0e+00]
  RHS range        [1e+01, 9e+01]
Found heuristic solution: objective 17.0000000
Presolve removed 0 rows and 20 columns
Presolve time: 0.00s
Presolved: 20 rows, 20 columns, 354 nonzeros
Variable types: 0 continuous, 20 integer (0 binary)

Root relaxation: objective 2.968498e+03, 20 iterations, 0.00 seconds

    Nodes    |    Current Node    |     Objective Bounds      |     Work
 Expl Unexpl |  Obj  Depth IntInf | Incumbent    BestBd   Gap | It/Node Time

     0     0 2968.49801    0    9   17.00000 2968.49801      -     -    0s
     0     0 2959.83598    0    8   17.00000 2959.83598      -     -    0s
     0     0 2959.83598    0    8   17.00000 2959.83598      -     -    0s
     0     2 2945.00000    0    8   17.00000 2945.00000      -     -    0s
H  227    96                    2871.0000000 2936.66063  2.29%   1.7    0s

Explored 700 nodes (1223 simplex iterations) in 0.19 seconds
Thread count was 8 (of 8 available processors)

Solution count 2: 2871 17 

Optimal solution found (tolerance 1.00e-04)
Best objective 2.871000000000e+03, best bound 2.871000000000e+03, gap 0.0000%

Wrote result file 'a.sol'

