Using license file /home/js/gurobi/gurobi.lic
Set parameter TimeLimit to value 600
Set parameter Cuts to value 0
Set parameter LogFile to value gurobi.log
Academic license - for non-commercial use only

Gurobi Optimizer version 9.0.0 build v9.0.0rc2 (linux64)
Copyright (c) 2019, Gurobi Optimization, LLC

Read LP format model from file a.lp
Reading time = 0.00 seconds
Obj: 20 rows, 40 columns, 380 nonzeros
Optimize a model with 20 rows, 40 columns and 380 nonzeros
Model fingerprint: 0xde72dee2
Variable types: 20 continuous, 20 integer (0 binary)
Coefficient statistics:
  Matrix range     [1e+00, 9e+00]
  Objective range  [1e+00, 9e+00]
  Bounds range     [0e+00, 0e+00]
  RHS range        [1e+01, 9e+01]
Found heuristic solution: objective 49.0000000
Found heuristic solution: objective 63.0000000
Presolve removed 0 rows and 20 columns
Presolve time: 0.00s
Presolved: 20 rows, 20 columns, 360 nonzeros
Variable types: 0 continuous, 20 integer (0 binary)

Root relaxation: objective 3.144206e+02, 19 iterations, 0.00 seconds

    Nodes    |    Current Node    |     Objective Bounds      |     Work
 Expl Unexpl |  Obj  Depth IntInf | Incumbent    BestBd   Gap | It/Node Time

     0     0  314.42059    0   10   63.00000  314.42059   399%     -    0s
     0     0  314.42059    0   10   63.00000  314.42059   399%     -    0s
H    0     0                     171.0000000  314.42059  83.9%     -    0s
H    0     2                     257.0000000  313.25466  21.9%     -    0s
     0     2  313.25466    0   10  257.00000  313.25466  21.9%     -    0s
*  371   190              15     258.0000000  299.33900  16.0%   2.2    0s
H  469   212                     272.0000000  298.05250  9.58%   2.3    0s
H  522   234                     280.0000000  296.81124  6.00%   2.3    0s

Explored 1231 nodes (3097 simplex iterations) in 0.31 seconds
Thread count was 8 (of 8 available processors)

Solution count 7: 280 272 258 ... 49

Optimal solution found (tolerance 1.00e-04)
Best objective 2.800000000000e+02, best bound 2.800000000000e+02, gap 0.0000%

Wrote result file 'a.sol'

