Using license file /home/js/gurobi/gurobi.lic
Set parameter TimeLimit to value 600
Set parameter Cuts to value 0
Set parameter LogFile to value gurobi.log
Academic license - for non-commercial use only

Gurobi Optimizer version 9.0.0 build v9.0.0rc2 (linux64)
Copyright (c) 2019, Gurobi Optimization, LLC

Read LP format model from file a.lp
Reading time = 0.00 seconds
Obj: 20 rows, 40 columns, 386 nonzeros
Optimize a model with 20 rows, 40 columns and 386 nonzeros
Model fingerprint: 0x4d7c0896
Variable types: 20 continuous, 20 integer (0 binary)
Coefficient statistics:
  Matrix range     [1e+00, 9e+00]
  Objective range  [1e+00, 9e+00]
  Bounds range     [0e+00, 0e+00]
  RHS range        [1e+01, 9e+01]
Found heuristic solution: objective -0.0000000
Presolve removed 0 rows and 20 columns
Presolve time: 0.00s
Presolved: 20 rows, 20 columns, 366 nonzeros
Variable types: 0 continuous, 20 integer (0 binary)

Root relaxation: objective 2.806216e+02, 17 iterations, 0.00 seconds

    Nodes    |    Current Node    |     Objective Bounds      |     Work
 Expl Unexpl |  Obj  Depth IntInf | Incumbent    BestBd   Gap | It/Node Time

     0     0  280.62160    0    8   -0.00000  280.62160      -     -    0s
     0     0  278.55766    0    7   -0.00000  278.55766      -     -    0s
     0     0  278.55766    0    7   -0.00000  278.55766      -     -    0s
H    0     0                      65.0000000  278.55766   329%     -    0s
     0     2  278.55766    0    7   65.00000  278.55766   329%     -    0s
H   68    61                     212.0000000  266.12994  25.5%   2.4    0s
H  232   107                     219.0000000  260.43095  18.9%   2.4    0s
H  461   140                     231.0000000  252.86034  9.46%   2.4    0s
H  496   131                     233.0000000  250.44619  7.49%   2.4    0s

Explored 874 nodes (2025 simplex iterations) in 0.23 seconds
Thread count was 8 (of 8 available processors)

Solution count 6: 233 231 219 ... -0

Optimal solution found (tolerance 1.00e-04)
Best objective 2.330000000000e+02, best bound 2.330000000000e+02, gap 0.0000%

Wrote result file 'a.sol'

