Using license file /home/js/gurobi/gurobi.lic
Set parameter TimeLimit to value 600
Set parameter Cuts to value 0
Set parameter LogFile to value gurobi.log
Academic license - for non-commercial use only

Gurobi Optimizer version 9.0.0 build v9.0.0rc2 (linux64)
Copyright (c) 2019, Gurobi Optimization, LLC

Read LP format model from file a.lp
Reading time = 0.00 seconds
Obj: 20 rows, 40 columns, 385 nonzeros
Optimize a model with 20 rows, 40 columns and 385 nonzeros
Model fingerprint: 0x61f9ac54
Variable types: 20 continuous, 20 integer (0 binary)
Coefficient statistics:
  Matrix range     [1e+00, 9e+00]
  Objective range  [1e+00, 9e+00]
  Bounds range     [0e+00, 0e+00]
  RHS range        [2e+01, 9e+01]
Found heuristic solution: objective 26.0000000
Presolve removed 0 rows and 20 columns
Presolve time: 0.00s
Presolved: 20 rows, 20 columns, 365 nonzeros
Variable types: 0 continuous, 20 integer (0 binary)

Root relaxation: objective 7.110622e+02, 32 iterations, 0.00 seconds

    Nodes    |    Current Node    |     Objective Bounds      |     Work
 Expl Unexpl |  Obj  Depth IntInf | Incumbent    BestBd   Gap | It/Node Time

     0     0  711.06222    0    9   26.00000  711.06222  2635%     -    0s
     0     0  711.06222    0    9   26.00000  711.06222  2635%     -    0s
     0     2  711.06222    0    9   26.00000  711.06222  2635%     -    0s
H  347   269                     510.0000000  697.62194  36.8%   2.3    0s
*  643   266              25     650.0000000  694.12593  6.79%   2.3    0s
H 1861   251                     677.0000000  685.23717  1.22%   2.4    0s

Explored 2359 nodes (5381 simplex iterations) in 0.48 seconds
Thread count was 8 (of 8 available processors)

Solution count 4: 677 650 510 26 

Optimal solution found (tolerance 1.00e-04)
Best objective 6.770000000000e+02, best bound 6.770000000000e+02, gap 0.0000%

Wrote result file 'a.sol'

