Using license file /home/js/gurobi/gurobi.lic
Set parameter TimeLimit to value 600
Set parameter Cuts to value 0
Set parameter LogFile to value gurobi.log
Academic license - for non-commercial use only

Gurobi Optimizer version 9.0.0 build v9.0.0rc2 (linux64)
Copyright (c) 2019, Gurobi Optimization, LLC

Read LP format model from file a.lp
Reading time = 0.00 seconds
Obj: 20 rows, 40 columns, 375 nonzeros
Optimize a model with 20 rows, 40 columns and 375 nonzeros
Model fingerprint: 0x448373e1
Variable types: 20 continuous, 20 integer (0 binary)
Coefficient statistics:
  Matrix range     [1e+00, 9e+00]
  Objective range  [3e+00, 8e+00]
  Bounds range     [0e+00, 0e+00]
  RHS range        [1e+01, 9e+01]
Found heuristic solution: objective 94.0000000
Presolve removed 0 rows and 20 columns
Presolve time: 0.00s
Presolved: 20 rows, 20 columns, 355 nonzeros
Variable types: 0 continuous, 20 integer (0 binary)

Root relaxation: objective 2.016369e+02, 16 iterations, 0.00 seconds

    Nodes    |    Current Node    |     Objective Bounds      |     Work
 Expl Unexpl |  Obj  Depth IntInf | Incumbent    BestBd   Gap | It/Node Time

     0     0  201.63693    0    8   94.00000  201.63693   115%     -    0s
H    0     0                     173.0000000  201.63693  16.6%     -    0s
H    0     0                     189.0000000  201.63693  6.69%     -    0s
     0     0  198.81677    0    8  189.00000  198.81677  5.19%     -    0s
     0     2  198.59860    0    8  189.00000  198.59860  5.08%     -    0s
H   59    33                     190.0000000  197.28463  3.83%   1.6    0s

Explored 183 nodes (363 simplex iterations) in 0.22 seconds
Thread count was 8 (of 8 available processors)

Solution count 4: 190 189 173 94 

Optimal solution found (tolerance 1.00e-04)
Best objective 1.900000000000e+02, best bound 1.900000000000e+02, gap 0.0000%

Wrote result file 'a.sol'

