Using license file /home/js/gurobi/gurobi.lic
Set parameter TimeLimit to value 600
Set parameter Cuts to value 0
Set parameter LogFile to value gurobi.log
Academic license - for non-commercial use only

Gurobi Optimizer version 9.0.0 build v9.0.0rc2 (linux64)
Copyright (c) 2019, Gurobi Optimization, LLC

Read LP format model from file a.lp
Reading time = 0.00 seconds
Obj: 20 rows, 40 columns, 383 nonzeros
Optimize a model with 20 rows, 40 columns and 383 nonzeros
Model fingerprint: 0x465233e7
Variable types: 20 continuous, 20 integer (0 binary)
Coefficient statistics:
  Matrix range     [1e+00, 9e+00]
  Objective range  [1e+00, 9e+00]
  Bounds range     [0e+00, 0e+00]
  RHS range        [2e+01, 9e+01]
Found heuristic solution: objective 80.0000000
Found heuristic solution: objective 91.0000000
Presolve removed 0 rows and 20 columns
Presolve time: 0.00s
Presolved: 20 rows, 20 columns, 363 nonzeros
Variable types: 0 continuous, 20 integer (0 binary)

Root relaxation: objective 4.813248e+02, 10 iterations, 0.00 seconds

    Nodes    |    Current Node    |     Objective Bounds      |     Work
 Expl Unexpl |  Obj  Depth IntInf | Incumbent    BestBd   Gap | It/Node Time

     0     0  481.32479    0    8   91.00000  481.32479   429%     -    0s
     0     0  481.32479    0    8   91.00000  481.32479   429%     -    0s
     0     2  481.32479    0    8   91.00000  481.32479   429%     -    0s
H   11    16                     445.0000000  475.97014  6.96%   1.1    0s
*   65    42              14     451.0000000  474.99902  5.32%   1.8    0s
*  215    41               9     452.0000000  465.07778  2.89%   2.0    0s
*  243    22              11     454.0000000  464.31140  2.27%   2.0    0s

Explored 318 nodes (672 simplex iterations) in 0.20 seconds
Thread count was 8 (of 8 available processors)

Solution count 6: 454 452 451 ... 80

Optimal solution found (tolerance 1.00e-04)
Best objective 4.540000000000e+02, best bound 4.540000000000e+02, gap 0.0000%

Wrote result file 'a.sol'

