Using license file /home/js/gurobi/gurobi.lic
Set parameter TimeLimit to value 600
Set parameter Cuts to value 0
Set parameter LogFile to value gurobi.log
Academic license - for non-commercial use only

Gurobi Optimizer version 9.0.0 build v9.0.0rc2 (linux64)
Copyright (c) 2019, Gurobi Optimization, LLC

Read LP format model from file a.lp
Reading time = 0.00 seconds
Obj: 20 rows, 40 columns, 379 nonzeros
Optimize a model with 20 rows, 40 columns and 379 nonzeros
Model fingerprint: 0x36a8db3b
Variable types: 20 continuous, 20 integer (0 binary)
Coefficient statistics:
  Matrix range     [1e+00, 9e+00]
  Objective range  [1e+00, 9e+00]
  Bounds range     [0e+00, 0e+00]
  RHS range        [1e+01, 9e+01]
Found heuristic solution: objective 36.0000000
Found heuristic solution: objective 56.0000000
Presolve removed 0 rows and 20 columns
Presolve time: 0.00s
Presolved: 20 rows, 20 columns, 359 nonzeros
Variable types: 0 continuous, 20 integer (0 binary)

Root relaxation: objective 1.899698e+02, 21 iterations, 0.00 seconds

    Nodes    |    Current Node    |     Objective Bounds      |     Work
 Expl Unexpl |  Obj  Depth IntInf | Incumbent    BestBd   Gap | It/Node Time

     0     0  189.96980    0   11   56.00000  189.96980   239%     -    0s
H    0     0                     160.0000000  189.96980  18.7%     -    0s
     0     0  189.96980    0   11  160.00000  189.96980  18.7%     -    0s
     0     2  189.61670    0   11  160.00000  189.61670  18.5%     -    0s
H   36    40                     166.0000000  185.41056  11.7%   2.3    0s
*  352   166              18     167.0000000  181.39314  8.62%   2.4    0s
H  407   178                     172.0000000  181.00117  5.23%   2.4    0s

Explored 985 nodes (2429 simplex iterations) in 0.29 seconds
Thread count was 8 (of 8 available processors)

Solution count 6: 172 167 166 ... 36

Optimal solution found (tolerance 1.00e-04)
Best objective 1.720000000000e+02, best bound 1.720000000000e+02, gap 0.0000%

Wrote result file 'a.sol'

