Using license file /home/js/gurobi/gurobi.lic
Set parameter TimeLimit to value 600
Set parameter Cuts to value 0
Set parameter LogFile to value gurobi.log
Academic license - for non-commercial use only

Gurobi Optimizer version 9.0.0 build v9.0.0rc2 (linux64)
Copyright (c) 2019, Gurobi Optimization, LLC

Read LP format model from file a.lp
Reading time = 0.00 seconds
Obj: 20 rows, 40 columns, 378 nonzeros
Optimize a model with 20 rows, 40 columns and 378 nonzeros
Model fingerprint: 0xc0368207
Variable types: 20 continuous, 20 integer (0 binary)
Coefficient statistics:
  Matrix range     [1e+00, 9e+00]
  Objective range  [2e+00, 8e+00]
  Bounds range     [0e+00, 0e+00]
  RHS range        [1e+01, 9e+01]
Found heuristic solution: objective 27.0000000
Found heuristic solution: objective 59.0000000
Presolve removed 0 rows and 20 columns
Presolve time: 0.00s
Presolved: 20 rows, 20 columns, 358 nonzeros
Variable types: 0 continuous, 20 integer (0 binary)

Root relaxation: objective 2.665579e+02, 14 iterations, 0.00 seconds

    Nodes    |    Current Node    |     Objective Bounds      |     Work
 Expl Unexpl |  Obj  Depth IntInf | Incumbent    BestBd   Gap | It/Node Time

     0     0  266.55794    0    7   59.00000  266.55794   352%     -    0s
     0     0  264.92155    0    6   59.00000  264.92155   349%     -    0s
     0     0  264.92155    0    6   59.00000  264.92155   349%     -    0s
H    0     0                     222.0000000  264.92155  19.3%     -    0s
     0     2  261.00000    0    6  222.00000  261.00000  17.6%     -    0s
H   51    42                     226.0000000  261.00000  15.5%   1.9    0s
H   56    42                     244.0000000  261.00000  6.97%   1.9    0s
H  161    41                     251.0000000  260.22439  3.68%   1.8    0s

Explored 256 nodes (451 simplex iterations) in 0.17 seconds
Thread count was 8 (of 8 available processors)

Solution count 6: 251 244 226 ... 27

Optimal solution found (tolerance 1.00e-04)
Best objective 2.510000000000e+02, best bound 2.510000000000e+02, gap 0.0000%

Wrote result file 'a.sol'

