Using license file /home/js/gurobi/gurobi.lic
Set parameter TimeLimit to value 600
Set parameter Cuts to value 0
Set parameter LogFile to value gurobi.log
Academic license - for non-commercial use only

Gurobi Optimizer version 9.0.0 build v9.0.0rc2 (linux64)
Copyright (c) 2019, Gurobi Optimization, LLC

Read LP format model from file a.lp
Reading time = 0.00 seconds
Obj: 16 rows, 32 columns, 250 nonzeros
Optimize a model with 16 rows, 32 columns and 250 nonzeros
Model fingerprint: 0xe1601803
Variable types: 16 continuous, 16 integer (0 binary)
Coefficient statistics:
  Matrix range     [1e+00, 9e+00]
  Objective range  [1e+00, 9e+00]
  Bounds range     [0e+00, 0e+00]
  RHS range        [3e+01, 9e+01]
Presolve removed 0 rows and 16 columns
Presolve time: 0.00s
Presolved: 16 rows, 16 columns, 234 nonzeros
Variable types: 0 continuous, 16 integer (0 binary)

Root relaxation: objective 3.046441e+03, 18 iterations, 0.00 seconds

    Nodes    |    Current Node    |     Objective Bounds      |     Work
 Expl Unexpl |  Obj  Depth IntInf | Incumbent    BestBd   Gap | It/Node Time

     0     0 3046.44074    0   11          - 3046.44074      -     -    0s
     0     0 3046.44074    0   11          - 3046.44074      -     -    0s
H    0     0                     104.0000000 3046.44074  2829%     -    0s
     0     2 3028.93967    0   10  104.00000 3028.93967  2812%     -    0s
H 1698   123                    2765.0000000 2777.01703  0.43%   2.2    0s

Explored 1856 nodes (3917 simplex iterations) in 0.32 seconds
Thread count was 8 (of 8 available processors)

Solution count 2: 2765 104 

Optimal solution found (tolerance 1.00e-04)
Best objective 2.765000000000e+03, best bound 2.765000000000e+03, gap 0.0000%

Wrote result file 'a.sol'

