Using license file /home/js/gurobi/gurobi.lic
Set parameter TimeLimit to value 600
Set parameter Cuts to value 0
Set parameter LogFile to value gurobi.log
Academic license - for non-commercial use only

Gurobi Optimizer version 9.0.0 build v9.0.0rc2 (linux64)
Copyright (c) 2019, Gurobi Optimization, LLC

Read LP format model from file a.lp
Reading time = 0.00 seconds
Obj: 20 rows, 40 columns, 364 nonzeros
Optimize a model with 20 rows, 40 columns and 364 nonzeros
Model fingerprint: 0x27c50cc2
Variable types: 20 continuous, 20 integer (0 binary)
Coefficient statistics:
  Matrix range     [1e+00, 9e+00]
  Objective range  [2e+00, 8e+00]
  Bounds range     [0e+00, 0e+00]
  RHS range        [1e+01, 9e+01]
Found heuristic solution: objective 87.0000000
Found heuristic solution: objective 117.0000000
Presolve removed 0 rows and 20 columns
Presolve time: 0.00s
Presolved: 20 rows, 20 columns, 344 nonzeros
Variable types: 0 continuous, 20 integer (0 binary)

Root relaxation: objective 5.057583e+02, 22 iterations, 0.00 seconds

    Nodes    |    Current Node    |     Objective Bounds      |     Work
 Expl Unexpl |  Obj  Depth IntInf | Incumbent    BestBd   Gap | It/Node Time

     0     0  505.75827    0   11  117.00000  505.75827   332%     -    0s
H    0     0                     426.0000000  505.75827  18.7%     -    0s
H    0     0                     464.0000000  505.75827  9.00%     -    0s
     0     0  505.75827    0   11  464.00000  505.75827  9.00%     -    0s
     0     2  505.75827    0   11  464.00000  505.75827  9.00%     -    0s
* 1964   439              19     465.0000000  487.95957  4.94%   2.3    0s
H 2854   429                     468.0000000  485.13846  3.66%   2.4    0s
H 3038   397                     471.0000000  483.55087  2.66%   2.4    0s
H 3222   121                     475.0000000  483.40499  1.77%   2.4    0s

Explored 3819 nodes (9677 simplex iterations) in 0.47 seconds
Thread count was 8 (of 8 available processors)

Solution count 8: 475 471 468 ... 87

Optimal solution found (tolerance 1.00e-04)
Best objective 4.750000000000e+02, best bound 4.750000000000e+02, gap 0.0000%

Wrote result file 'a.sol'

