Using license file /home/js/gurobi/gurobi.lic
Set parameter TimeLimit to value 600
Set parameter Cuts to value 0
Set parameter LogFile to value gurobi.log
Academic license - for non-commercial use only

Gurobi Optimizer version 9.0.0 build v9.0.0rc2 (linux64)
Copyright (c) 2019, Gurobi Optimization, LLC

Read LP format model from file a.lp
Reading time = 0.00 seconds
Obj: 20 rows, 40 columns, 372 nonzeros
Optimize a model with 20 rows, 40 columns and 372 nonzeros
Model fingerprint: 0xc6ac64d5
Variable types: 20 continuous, 20 integer (0 binary)
Coefficient statistics:
  Matrix range     [1e+00, 9e+00]
  Objective range  [1e+00, 9e+00]
  Bounds range     [0e+00, 0e+00]
  RHS range        [1e+01, 7e+01]
Found heuristic solution: objective 72.0000000
Found heuristic solution: objective 82.0000000
Presolve removed 0 rows and 20 columns
Presolve time: 0.00s
Presolved: 20 rows, 20 columns, 352 nonzeros
Variable types: 0 continuous, 20 integer (0 binary)

Root relaxation: objective 7.321519e+02, 25 iterations, 0.00 seconds

    Nodes    |    Current Node    |     Objective Bounds      |     Work
 Expl Unexpl |  Obj  Depth IntInf | Incumbent    BestBd   Gap | It/Node Time

     0     0  732.15192    0   11   82.00000  732.15192   793%     -    0s
     0     0  730.27233    0   10   82.00000  730.27233   791%     -    0s
     0     0  730.27233    0   10   82.00000  730.27233   791%     -    0s
     0     2  730.27233    0   10   82.00000  730.27233   791%     -    0s
H   77    70                     597.0000000  721.99323  20.9%   2.2    0s
H  121    92                     663.0000000  721.99323  8.90%   2.7    0s
H  200   118                     699.0000000  714.13965  2.17%   3.0    0s

Explored 335 nodes (864 simplex iterations) in 0.14 seconds
Thread count was 8 (of 8 available processors)

Solution count 5: 699 663 597 ... 72

Optimal solution found (tolerance 1.00e-04)
Best objective 6.990000000000e+02, best bound 6.990000000000e+02, gap 0.0000%

Wrote result file 'a.sol'

