Using license file /home/js/gurobi/gurobi.lic
Set parameter TimeLimit to value 600
Set parameter Cuts to value 0
Set parameter LogFile to value gurobi.log
Academic license - for non-commercial use only

Gurobi Optimizer version 9.0.0 build v9.0.0rc2 (linux64)
Copyright (c) 2019, Gurobi Optimization, LLC

Read LP format model from file a.lp
Reading time = 0.00 seconds
Obj: 20 rows, 40 columns, 376 nonzeros
Optimize a model with 20 rows, 40 columns and 376 nonzeros
Model fingerprint: 0xd0a19f74
Variable types: 20 continuous, 20 integer (0 binary)
Coefficient statistics:
  Matrix range     [1e+00, 9e+00]
  Objective range  [1e+00, 9e+00]
  Bounds range     [0e+00, 0e+00]
  RHS range        [1e+01, 7e+01]
Found heuristic solution: objective 6.0000000
Found heuristic solution: objective 9.0000000
Presolve removed 0 rows and 20 columns
Presolve time: 0.00s
Presolved: 20 rows, 20 columns, 356 nonzeros
Variable types: 0 continuous, 20 integer (0 binary)

Root relaxation: objective 2.104888e+02, 18 iterations, 0.00 seconds

    Nodes    |    Current Node    |     Objective Bounds      |     Work
 Expl Unexpl |  Obj  Depth IntInf | Incumbent    BestBd   Gap | It/Node Time

     0     0  210.48881    0    8    9.00000  210.48881  2239%     -    0s
H    0     0                     186.0000000  210.48881  13.2%     -    0s
     0     0  210.48881    0    8  186.00000  210.48881  13.2%     -    0s
H    0     0                     188.0000000  210.48881  12.0%     -    0s
     0     2  209.94274    0    8  188.00000  209.94274  11.7%     -    0s
H   10    12                     194.0000000  209.02067  7.74%   1.8    0s
*  233    72              17     196.0000000  204.53007  4.35%   1.9    0s

Explored 561 nodes (1147 simplex iterations) in 0.21 seconds
Thread count was 8 (of 8 available processors)

Solution count 6: 196 194 188 ... 6

Optimal solution found (tolerance 1.00e-04)
Best objective 1.960000000000e+02, best bound 1.960000000000e+02, gap 0.0000%

Wrote result file 'a.sol'

