Using license file /home/js/gurobi/gurobi.lic
Set parameter TimeLimit to value 600
Set parameter Cuts to value 0
Set parameter LogFile to value gurobi.log
Academic license - for non-commercial use only

Gurobi Optimizer version 9.0.0 build v9.0.0rc2 (linux64)
Copyright (c) 2019, Gurobi Optimization, LLC

Read LP format model from file a.lp
Reading time = 0.00 seconds
Obj: 20 rows, 40 columns, 381 nonzeros
Optimize a model with 20 rows, 40 columns and 381 nonzeros
Model fingerprint: 0x5378fd7a
Variable types: 20 continuous, 20 integer (0 binary)
Coefficient statistics:
  Matrix range     [1e+00, 9e+00]
  Objective range  [1e+00, 8e+00]
  Bounds range     [0e+00, 0e+00]
  RHS range        [2e+01, 9e+01]
Found heuristic solution: objective 85.0000000
Found heuristic solution: objective 106.0000000
Presolve removed 0 rows and 20 columns
Presolve time: 0.00s
Presolved: 20 rows, 20 columns, 361 nonzeros
Variable types: 0 continuous, 20 integer (0 binary)

Root relaxation: objective 3.741617e+02, 14 iterations, 0.00 seconds

    Nodes    |    Current Node    |     Objective Bounds      |     Work
 Expl Unexpl |  Obj  Depth IntInf | Incumbent    BestBd   Gap | It/Node Time

     0     0  374.16168    0   10  106.00000  374.16168   253%     -    0s
H    0     0                     179.0000000  374.16168   109%     -    0s
H    0     0                     263.0000000  374.16168  42.3%     -    0s
     0     0  374.16168    0   10  263.00000  374.16168  42.3%     -    0s
H    0     0                     336.0000000  374.16168  11.4%     -    0s
     0     2  374.16168    0   10  336.00000  374.16168  11.4%     -    0s
H  249   194                     353.0000000  370.81259  5.05%   2.0    0s
H  306   219                     355.0000000  370.81259  4.45%   2.0    0s
H  516   230                     356.0000000  367.83558  3.32%   2.1    0s

Explored 1589 nodes (3388 simplex iterations) in 0.27 seconds
Thread count was 8 (of 8 available processors)

Solution count 8: 356 355 353 ... 85

Optimal solution found (tolerance 1.00e-04)
Best objective 3.560000000000e+02, best bound 3.560000000000e+02, gap 0.0000%

Wrote result file 'a.sol'

