Using license file /home/js/gurobi/gurobi.lic
Set parameter TimeLimit to value 600
Set parameter Cuts to value 0
Set parameter LogFile to value gurobi.log
Academic license - for non-commercial use only

Gurobi Optimizer version 9.0.0 build v9.0.0rc2 (linux64)
Copyright (c) 2019, Gurobi Optimization, LLC

Read LP format model from file a.lp
Reading time = 0.00 seconds
Obj: 20 rows, 40 columns, 393 nonzeros
Optimize a model with 20 rows, 40 columns and 393 nonzeros
Model fingerprint: 0xb017b711
Variable types: 20 continuous, 20 integer (0 binary)
Coefficient statistics:
  Matrix range     [1e+00, 9e+00]
  Objective range  [1e+00, 9e+00]
  Bounds range     [0e+00, 0e+00]
  RHS range        [1e+01, 9e+01]
Found heuristic solution: objective 54.0000000
Found heuristic solution: objective 64.0000000
Presolve removed 0 rows and 20 columns
Presolve time: 0.00s
Presolved: 20 rows, 20 columns, 373 nonzeros
Variable types: 0 continuous, 20 integer (0 binary)

Root relaxation: objective 2.487378e+02, 15 iterations, 0.00 seconds

    Nodes    |    Current Node    |     Objective Bounds      |     Work
 Expl Unexpl |  Obj  Depth IntInf | Incumbent    BestBd   Gap | It/Node Time

     0     0  248.73781    0   10   64.00000  248.73781   289%     -    0s
     0     0  248.73781    0   10   64.00000  248.73781   289%     -    0s
     0     2  248.73781    0   10   64.00000  248.73781   289%     -    0s
H  167   106                     159.0000000  242.33816  52.4%   2.1    0s
H  335   168                     163.0000000  242.33816  48.7%   2.2    0s
H  938   389                     179.0000000  236.77029  32.3%   2.4    0s
H 1630   658                     190.0000000  233.28109  22.8%   2.4    0s
H 1743   592                     201.0000000  232.55724  15.7%   2.4    0s
* 1785   498              19     212.0000000  232.37555  9.61%   2.4    0s
* 3082   383              38     215.0000000  230.93128  7.41%   2.5    0s
* 3265   313              36     219.0000000  229.87302  4.96%   2.5    0s

Explored 3845 nodes (9832 simplex iterations) in 0.56 seconds
Thread count was 8 (of 8 available processors)

Solution count 10: 219 215 212 ... 54

Optimal solution found (tolerance 1.00e-04)
Best objective 2.190000000000e+02, best bound 2.190000000000e+02, gap 0.0000%

Wrote result file 'a.sol'

