Using license file /home/js/gurobi/gurobi.lic
Set parameter TimeLimit to value 600
Set parameter Cuts to value 0
Set parameter LogFile to value gurobi.log
Academic license - for non-commercial use only

Gurobi Optimizer version 9.0.0 build v9.0.0rc2 (linux64)
Copyright (c) 2019, Gurobi Optimization, LLC

Read LP format model from file a.lp
Reading time = 0.00 seconds
Obj: 20 rows, 40 columns, 386 nonzeros
Optimize a model with 20 rows, 40 columns and 386 nonzeros
Model fingerprint: 0x9640fed4
Variable types: 20 continuous, 20 integer (0 binary)
Coefficient statistics:
  Matrix range     [1e+00, 9e+00]
  Objective range  [1e+00, 8e+00]
  Bounds range     [0e+00, 0e+00]
  RHS range        [1e+01, 9e+01]
Found heuristic solution: objective 110.0000000
Found heuristic solution: objective 152.0000000
Presolve removed 0 rows and 20 columns
Presolve time: 0.00s
Presolved: 20 rows, 20 columns, 366 nonzeros
Variable types: 0 continuous, 20 integer (0 binary)

Root relaxation: objective 6.020833e+02, 16 iterations, 0.00 seconds

    Nodes    |    Current Node    |     Objective Bounds      |     Work
 Expl Unexpl |  Obj  Depth IntInf | Incumbent    BestBd   Gap | It/Node Time

     0     0  602.08328    0    8  152.00000  602.08328   296%     -    0s
     0     0  599.48852    0    7  152.00000  599.48852   294%     -    0s
     0     0  599.48852    0    7  152.00000  599.48852   294%     -    0s
     0     2  587.00000    0    7  152.00000  587.00000   286%     -    0s
H  208    97                     548.0000000  583.61473  6.50%   2.2    0s
H  273   103                     570.0000000  583.61473  2.39%   2.4    0s
H  308    63                     578.0000000  580.63407  0.46%   2.4    0s

Explored 334 nodes (793 simplex iterations) in 0.16 seconds
Thread count was 8 (of 8 available processors)

Solution count 5: 578 570 548 ... 110

Optimal solution found (tolerance 1.00e-04)
Best objective 5.780000000000e+02, best bound 5.780000000000e+02, gap 0.0000%

Wrote result file 'a.sol'

