Using license file /home/js/gurobi/gurobi.lic
Set parameter TimeLimit to value 600
Set parameter Cuts to value 0
Set parameter LogFile to value gurobi.log
Academic license - for non-commercial use only

Gurobi Optimizer version 9.0.0 build v9.0.0rc2 (linux64)
Copyright (c) 2019, Gurobi Optimization, LLC

Read LP format model from file a.lp
Reading time = 0.00 seconds
Obj: 20 rows, 40 columns, 375 nonzeros
Optimize a model with 20 rows, 40 columns and 375 nonzeros
Model fingerprint: 0x615b913f
Variable types: 20 continuous, 20 integer (0 binary)
Coefficient statistics:
  Matrix range     [1e+00, 9e+00]
  Objective range  [1e+00, 9e+00]
  Bounds range     [0e+00, 0e+00]
  RHS range        [1e+01, 9e+01]
Found heuristic solution: objective 48.0000000
Found heuristic solution: objective 73.0000000
Presolve removed 0 rows and 20 columns
Presolve time: 0.00s
Presolved: 20 rows, 20 columns, 355 nonzeros
Variable types: 0 continuous, 20 integer (0 binary)

Root relaxation: objective 2.570285e+02, 29 iterations, 0.00 seconds

    Nodes    |    Current Node    |     Objective Bounds      |     Work
 Expl Unexpl |  Obj  Depth IntInf | Incumbent    BestBd   Gap | It/Node Time

     0     0  257.02851    0   10   73.00000  257.02851   252%     -    0s
H    0     0                     127.0000000  257.02851   102%     -    0s
     0     0  257.02851    0   10  127.00000  257.02851   102%     -    0s
H    0     0                     201.0000000  257.02851  27.9%     -    0s
     0     2  257.02851    0   10  201.00000  257.02851  27.9%     -    0s
H  208   111                     206.0000000  247.59723  20.2%   2.2    0s
*  388   173              22     209.0000000  244.48548  17.0%   2.2    0s
*  484   210              25     213.0000000  243.21912  14.2%   2.1    0s
H  523   254                     220.0000000  243.21912  10.6%   2.2    0s
*  604   250              22     221.0000000  243.10881  10.0%   2.1    0s
*  666   250              20     222.0000000  242.67403  9.31%   2.1    0s
*  765   245              20     224.0000000  241.50176  7.81%   2.1    0s
*  831   245              18     231.0000000  240.75757  4.22%   2.1    0s
H  904   183                     234.0000000  240.64495  2.84%   2.1    0s

Explored 1231 nodes (2523 simplex iterations) in 0.24 seconds
Thread count was 8 (of 8 available processors)

Solution count 10: 234 231 224 ... 201

Optimal solution found (tolerance 1.00e-04)
Best objective 2.340000000000e+02, best bound 2.340000000000e+02, gap 0.0000%

Wrote result file 'a.sol'

