Using license file /home/js/gurobi/gurobi.lic
Set parameter TimeLimit to value 600
Set parameter Cuts to value 0
Set parameter LogFile to value gurobi.log
Academic license - for non-commercial use only

Gurobi Optimizer version 9.0.0 build v9.0.0rc2 (linux64)
Copyright (c) 2019, Gurobi Optimization, LLC

Read LP format model from file a.lp
Reading time = 0.00 seconds
Obj: 20 rows, 40 columns, 372 nonzeros
Optimize a model with 20 rows, 40 columns and 372 nonzeros
Model fingerprint: 0x88b98f27
Variable types: 20 continuous, 20 integer (0 binary)
Coefficient statistics:
  Matrix range     [1e+00, 9e+00]
  Objective range  [1e+00, 9e+00]
  Bounds range     [0e+00, 0e+00]
  RHS range        [1e+01, 9e+01]
Found heuristic solution: objective 17.0000000
Found heuristic solution: objective 25.0000000
Presolve removed 0 rows and 20 columns
Presolve time: 0.00s
Presolved: 20 rows, 20 columns, 352 nonzeros
Variable types: 0 continuous, 20 integer (0 binary)

Root relaxation: objective 1.760033e+02, 21 iterations, 0.00 seconds

    Nodes    |    Current Node    |     Objective Bounds      |     Work
 Expl Unexpl |  Obj  Depth IntInf | Incumbent    BestBd   Gap | It/Node Time

     0     0  176.00331    0    9   25.00000  176.00331   604%     -    0s
H    0     0                     144.0000000  176.00331  22.2%     -    0s
     0     0  176.00331    0    9  144.00000  176.00331  22.2%     -    0s
     0     2  175.65406    0    9  144.00000  175.65406  22.0%     -    0s
H    3     8                     150.0000000  175.65406  17.1%   0.7    0s
H   12    16                     153.0000000  175.61466  14.8%   1.2    0s
H   19    24                     157.0000000  175.35258  11.7%   1.4    0s
*  264   128              18     158.0000000  174.95491  10.7%   1.8    0s
H  288   145                     162.0000000  174.95491  8.00%   1.8    0s
H  726   185                     164.0000000  171.69666  4.69%   1.9    0s

Explored 1573 nodes (3182 simplex iterations) in 0.29 seconds
Thread count was 8 (of 8 available processors)

Solution count 9: 164 162 158 ... 17

Optimal solution found (tolerance 1.00e-04)
Best objective 1.640000000000e+02, best bound 1.640000000000e+02, gap 0.0000%

Wrote result file 'a.sol'

