Using license file /home/js/gurobi/gurobi.lic
Set parameter TimeLimit to value 600
Set parameter Cuts to value 0
Set parameter LogFile to value gurobi.log
Academic license - for non-commercial use only

Gurobi Optimizer version 9.0.0 build v9.0.0rc2 (linux64)
Copyright (c) 2019, Gurobi Optimization, LLC

Read LP format model from file a.lp
Reading time = 0.00 seconds
Obj: 20 rows, 40 columns, 370 nonzeros
Optimize a model with 20 rows, 40 columns and 370 nonzeros
Model fingerprint: 0x34881192
Variable types: 20 continuous, 20 integer (0 binary)
Coefficient statistics:
  Matrix range     [1e+00, 9e+00]
  Objective range  [1e+00, 8e+00]
  Bounds range     [0e+00, 0e+00]
  RHS range        [2e+01, 9e+01]
Found heuristic solution: objective 12.0000000
Found heuristic solution: objective 80.0000000
Presolve removed 0 rows and 20 columns
Presolve time: 0.00s
Presolved: 20 rows, 20 columns, 350 nonzeros
Variable types: 0 continuous, 20 integer (0 binary)

Root relaxation: objective 4.200912e+02, 20 iterations, 0.00 seconds

    Nodes    |    Current Node    |     Objective Bounds      |     Work
 Expl Unexpl |  Obj  Depth IntInf | Incumbent    BestBd   Gap | It/Node Time

     0     0  420.09124    0   11   80.00000  420.09124   425%     -    0s
H    0     0                     295.0000000  420.09124  42.4%     -    0s
     0     0  419.96757    0   11  295.00000  419.96757  42.4%     -    0s
     0     2  419.96757    0   11  295.00000  419.96757  42.4%     -    0s
H   15    20                     355.0000000  418.29712  17.8%   1.1    0s
*  382   211              36     356.0000000  416.96156  17.1%   2.3    0s
H  485   259                     377.0000000  416.79674  10.6%   2.2    0s
H 1198   458                     389.0000000  414.59521  6.58%   2.3    0s
* 1225   358              16     398.0000000  414.37517  4.11%   2.3    0s
H 2435   358                     406.0000000  412.45989  1.59%   2.1    0s

Explored 3432 nodes (7373 simplex iterations) in 0.35 seconds
Thread count was 8 (of 8 available processors)

Solution count 9: 406 398 389 ... 12

Optimal solution found (tolerance 1.00e-04)
Best objective 4.060000000000e+02, best bound 4.060000000000e+02, gap 0.0000%

Wrote result file 'a.sol'

