Using license file /home/js/gurobi/gurobi.lic
Set parameter TimeLimit to value 600
Set parameter Cuts to value 0
Set parameter LogFile to value gurobi.log
Academic license - for non-commercial use only

Gurobi Optimizer version 9.0.0 build v9.0.0rc2 (linux64)
Copyright (c) 2019, Gurobi Optimization, LLC

Read LP format model from file a.lp
Reading time = 0.00 seconds
Obj: 3 rows, 6 columns, 12 nonzeros
Optimize a model with 3 rows, 6 columns and 12 nonzeros
Model fingerprint: 0x0f3a8b50
Variable types: 3 continuous, 3 integer (0 binary)
Coefficient statistics:
  Matrix range     [1e+00, 9e+00]
  Objective range  [1e+00, 3e+00]
  Bounds range     [0e+00, 0e+00]
  RHS range        [4e+01, 6e+01]
Presolve removed 1 rows and 3 columns
Presolve time: 0.00s
Presolved: 2 rows, 3 columns, 6 nonzeros
Variable types: 0 continuous, 3 integer (0 binary)
Found heuristic solution: objective 10.0000000
Found heuristic solution: objective 15.0000000

Root relaxation: objective 1.875000e+01, 1 iterations, 0.00 seconds

    Nodes    |    Current Node    |     Objective Bounds      |     Work
 Expl Unexpl |  Obj  Depth IntInf | Incumbent    BestBd   Gap | It/Node Time

     0     0   18.75000    0    2   15.00000   18.75000  25.0%     -    0s
H    0     0                      18.0000000   18.75000  4.17%     -    0s
     0     0   18.75000    0    2   18.00000   18.75000  4.17%     -    0s

Explored 1 nodes (1 simplex iterations) in 0.06 seconds
Thread count was 8 (of 8 available processors)

Solution count 3: 18 15 10 

Optimal solution found (tolerance 1.00e-04)
Best objective 1.800000000000e+01, best bound 1.800000000000e+01, gap 0.0000%

Wrote result file 'a.sol'

