Using license file /home/js/gurobi/gurobi.lic
Set parameter TimeLimit to value 600
Set parameter Cuts to value 0
Set parameter LogFile to value gurobi.log
Academic license - for non-commercial use only

Gurobi Optimizer version 9.0.0 build v9.0.0rc2 (linux64)
Copyright (c) 2019, Gurobi Optimization, LLC

Read LP format model from file a.lp
Reading time = 0.00 seconds
Obj: 20 rows, 40 columns, 390 nonzeros
Optimize a model with 20 rows, 40 columns and 390 nonzeros
Model fingerprint: 0x10b2f98f
Variable types: 20 continuous, 20 integer (0 binary)
Coefficient statistics:
  Matrix range     [1e+00, 9e+00]
  Objective range  [1e+00, 8e+00]
  Bounds range     [0e+00, 0e+00]
  RHS range        [1e+01, 9e+01]
Found heuristic solution: objective 172.0000000
Found heuristic solution: objective 212.0000000
Presolve removed 0 rows and 20 columns
Presolve time: 0.00s
Presolved: 20 rows, 20 columns, 370 nonzeros
Variable types: 0 continuous, 20 integer (0 binary)

Root relaxation: objective 5.750277e+02, 16 iterations, 0.00 seconds

    Nodes    |    Current Node    |     Objective Bounds      |     Work
 Expl Unexpl |  Obj  Depth IntInf | Incumbent    BestBd   Gap | It/Node Time

     0     0  575.02772    0   11  212.00000  575.02772   171%     -    0s
     0     0  571.34057    0    9  212.00000  571.34057   170%     -    0s
     0     0  571.34057    0    9  212.00000  571.34057   170%     -    0s
     0     2  571.34057    0    9  212.00000  571.34057   170%     -    0s
H  842   324                     465.0000000  548.25526  17.9%   2.5    0s
* 1450   465              23     472.0000000  543.63123  15.2%   2.4    0s
H 1589   473                     494.0000000  542.56879  9.83%   2.4    0s
* 1935   479              20     496.0000000  540.52757  8.98%   2.5    0s
H 2788   573                     501.0000000  538.09776  7.40%   2.5    0s
H 3030   496                     510.0000000  535.49033  5.00%   2.4    0s
* 3786   329              13     517.0000000  533.61417  3.21%   2.5    0s
H 4368   166                     525.0000000  530.47321  1.04%   2.5    0s

Explored 4617 nodes (11395 simplex iterations) in 0.48 seconds
Thread count was 8 (of 8 available processors)

Solution count 10: 525 517 510 ... 172

Optimal solution found (tolerance 1.00e-04)
Best objective 5.250000000000e+02, best bound 5.250000000000e+02, gap 0.0000%

Wrote result file 'a.sol'

