Using license file /home/js/gurobi/gurobi.lic
Set parameter TimeLimit to value 600
Set parameter Cuts to value 0
Set parameter LogFile to value gurobi.log
Academic license - for non-commercial use only

Gurobi Optimizer version 9.0.0 build v9.0.0rc2 (linux64)
Copyright (c) 2019, Gurobi Optimization, LLC

Read LP format model from file a.lp
Reading time = 0.00 seconds
Obj: 20 rows, 40 columns, 382 nonzeros
Optimize a model with 20 rows, 40 columns and 382 nonzeros
Model fingerprint: 0x0bced30b
Variable types: 20 continuous, 20 integer (0 binary)
Coefficient statistics:
  Matrix range     [1e+00, 9e+00]
  Objective range  [1e+00, 9e+00]
  Bounds range     [0e+00, 0e+00]
  RHS range        [1e+01, 9e+01]
Found heuristic solution: objective 24.0000000
Found heuristic solution: objective 57.0000000
Presolve removed 0 rows and 20 columns
Presolve time: 0.00s
Presolved: 20 rows, 20 columns, 362 nonzeros
Variable types: 0 continuous, 20 integer (0 binary)

Root relaxation: objective 1.235102e+02, 25 iterations, 0.00 seconds

    Nodes    |    Current Node    |     Objective Bounds      |     Work
 Expl Unexpl |  Obj  Depth IntInf | Incumbent    BestBd   Gap | It/Node Time

     0     0  123.51020    0    8   57.00000  123.51020   117%     -    0s
H    0     0                     102.0000000  123.51020  21.1%     -    0s
H    0     0                     111.0000000  123.51020  11.3%     -    0s
     0     0  123.51020    0    8  111.00000  123.51020  11.3%     -    0s
     0     2  121.78995    0    8  111.00000  121.78995  9.72%     -    0s

Explored 180 nodes (410 simplex iterations) in 0.22 seconds
Thread count was 8 (of 8 available processors)

Solution count 4: 111 102 57 24 

Optimal solution found (tolerance 1.00e-04)
Best objective 1.110000000000e+02, best bound 1.110000000000e+02, gap 0.0000%

Wrote result file 'a.sol'

