Using license file /home/js/gurobi/gurobi.lic
Set parameter TimeLimit to value 600
Set parameter Cuts to value 0
Set parameter LogFile to value gurobi.log
Academic license - for non-commercial use only

Gurobi Optimizer version 9.0.0 build v9.0.0rc2 (linux64)
Copyright (c) 2019, Gurobi Optimization, LLC

Read LP format model from file a.lp
Reading time = 0.00 seconds
Obj: 20 rows, 40 columns, 382 nonzeros
Optimize a model with 20 rows, 40 columns and 382 nonzeros
Model fingerprint: 0x33a0612e
Variable types: 20 continuous, 20 integer (0 binary)
Coefficient statistics:
  Matrix range     [1e+00, 9e+00]
  Objective range  [1e+00, 9e+00]
  Bounds range     [0e+00, 0e+00]
  RHS range        [1e+01, 9e+01]
Found heuristic solution: objective 82.0000000
Found heuristic solution: objective 159.0000000
Presolve removed 0 rows and 20 columns
Presolve time: 0.00s
Presolved: 20 rows, 20 columns, 362 nonzeros
Variable types: 0 continuous, 20 integer (0 binary)

Root relaxation: objective 6.418264e+02, 16 iterations, 0.00 seconds

    Nodes    |    Current Node    |     Objective Bounds      |     Work
 Expl Unexpl |  Obj  Depth IntInf | Incumbent    BestBd   Gap | It/Node Time

     0     0  641.82641    0    9  159.00000  641.82641   304%     -    0s
H    0     0                     563.0000000  641.82641  14.0%     -    0s
H    0     0                     569.0000000  641.82641  12.8%     -    0s
     0     0  639.80195    0    9  569.00000  639.80195  12.4%     -    0s
     0     2  638.47280    0    9  569.00000  638.47280  12.2%     -    0s
H  248   135                     584.0000000  635.19125  8.77%   2.2    0s
*  806   236              14     594.0000000  621.29278  4.59%   2.3    0s
* 1089   212              10     608.0000000  619.35122  1.87%   2.3    0s

Explored 1479 nodes (3492 simplex iterations) in 0.20 seconds
Thread count was 8 (of 8 available processors)

Solution count 7: 608 594 584 ... 82

Optimal solution found (tolerance 1.00e-04)
Best objective 6.080000000000e+02, best bound 6.080000000000e+02, gap 0.0000%

Wrote result file 'a.sol'

