Using license file /home/js/gurobi/gurobi.lic
Set parameter TimeLimit to value 600
Set parameter Cuts to value 0
Set parameter LogFile to value gurobi.log
Academic license - for non-commercial use only

Gurobi Optimizer version 9.0.0 build v9.0.0rc2 (linux64)
Copyright (c) 2019, Gurobi Optimization, LLC

Read LP format model from file a.lp
Reading time = 0.00 seconds
Obj: 13 rows, 26 columns, 161 nonzeros
Optimize a model with 13 rows, 26 columns and 161 nonzeros
Model fingerprint: 0x91c8ba67
Variable types: 13 continuous, 13 integer (0 binary)
Coefficient statistics:
  Matrix range     [1e+00, 9e+00]
  Objective range  [1e+00, 9e+00]
  Bounds range     [0e+00, 0e+00]
  RHS range        [1e+01, 9e+01]
Found heuristic solution: objective 86.0000000
Presolve removed 0 rows and 13 columns
Presolve time: 0.00s
Presolved: 13 rows, 13 columns, 148 nonzeros
Variable types: 0 continuous, 13 integer (0 binary)

Root relaxation: objective 2.166528e+03, 18 iterations, 0.00 seconds

    Nodes    |    Current Node    |     Objective Bounds      |     Work
 Expl Unexpl |  Obj  Depth IntInf | Incumbent    BestBd   Gap | It/Node Time

     0     0 2166.52794    0    6   86.00000 2166.52794  2419%     -    0s
     0     0 2161.25994    0    5   86.00000 2161.25994  2413%     -    0s
     0     0 2161.25994    0    5   86.00000 2161.25994  2413%     -    0s
H    0     0                    2147.0000000 2161.25994  0.66%     -    0s

Explored 1 nodes (21 simplex iterations) in 0.08 seconds
Thread count was 8 (of 8 available processors)

Solution count 2: 2147 86 

Optimal solution found (tolerance 1.00e-04)
Best objective 2.147000000000e+03, best bound 2.147000000000e+03, gap 0.0000%

Wrote result file 'a.sol'

