Using license file /home/js/gurobi/gurobi.lic
Set parameter TimeLimit to value 600
Set parameter Cuts to value 0
Set parameter LogFile to value gurobi.log
Academic license - for non-commercial use only

Gurobi Optimizer version 9.0.0 build v9.0.0rc2 (linux64)
Copyright (c) 2019, Gurobi Optimization, LLC

Read LP format model from file a.lp
Reading time = 0.00 seconds
Obj: 6 rows, 12 columns, 39 nonzeros
Optimize a model with 6 rows, 12 columns and 39 nonzeros
Model fingerprint: 0xdb6b6599
Variable types: 6 continuous, 6 integer (0 binary)
Coefficient statistics:
  Matrix range     [1e+00, 9e+00]
  Objective range  [1e+00, 8e+00]
  Bounds range     [0e+00, 0e+00]
  RHS range        [2e+01, 9e+01]
Found heuristic solution: objective 54.0000000
Presolve removed 2 rows and 6 columns
Presolve time: 0.00s
Presolved: 4 rows, 6 columns, 21 nonzeros
Variable types: 0 continuous, 6 integer (0 binary)

Root relaxation: objective 9.822430e+01, 1 iterations, 0.00 seconds

    Nodes    |    Current Node    |     Objective Bounds      |     Work
 Expl Unexpl |  Obj  Depth IntInf | Incumbent    BestBd   Gap | It/Node Time

     0     0   98.22430    0    2   54.00000   98.22430  81.9%     -    0s
H    0     0                      94.0000000   98.22430  4.49%     -    0s
     0     0 infeasible    0        94.00000   94.00000  0.00%     -    0s

Explored 1 nodes (2 simplex iterations) in 0.03 seconds
Thread count was 8 (of 8 available processors)

Solution count 2: 94 54 

Optimal solution found (tolerance 1.00e-04)
Best objective 9.400000000000e+01, best bound 9.400000000000e+01, gap 0.0000%

Wrote result file 'a.sol'

