Using license file /home/js/gurobi/gurobi.lic
Set parameter TimeLimit to value 600
Set parameter Cuts to value 0
Set parameter LogFile to value gurobi.log
Academic license - for non-commercial use only

Gurobi Optimizer version 9.0.0 build v9.0.0rc2 (linux64)
Copyright (c) 2019, Gurobi Optimization, LLC

Read LP format model from file a.lp
Reading time = 0.00 seconds
Obj: 20 rows, 40 columns, 376 nonzeros
Optimize a model with 20 rows, 40 columns and 376 nonzeros
Model fingerprint: 0x9a63cabb
Variable types: 20 continuous, 20 integer (0 binary)
Coefficient statistics:
  Matrix range     [1e+00, 9e+00]
  Objective range  [2e+00, 9e+00]
  Bounds range     [0e+00, 0e+00]
  RHS range        [1e+01, 9e+01]
Found heuristic solution: objective 32.0000000
Found heuristic solution: objective 71.0000000
Presolve removed 0 rows and 20 columns
Presolve time: 0.00s
Presolved: 20 rows, 20 columns, 356 nonzeros
Variable types: 0 continuous, 20 integer (0 binary)

Root relaxation: objective 5.220750e+02, 20 iterations, 0.00 seconds

    Nodes    |    Current Node    |     Objective Bounds      |     Work
 Expl Unexpl |  Obj  Depth IntInf | Incumbent    BestBd   Gap | It/Node Time

     0     0  522.07501    0   10   71.00000  522.07501   635%     -    0s
H    0     0                     263.0000000  522.07501  98.5%     -    0s
     0     0  518.62291    0   10  263.00000  518.62291  97.2%     -    0s
     0     0  518.62291    0   10  263.00000  518.62291  97.2%     -    0s
     0     2  513.67747    0   10  263.00000  513.67747  95.3%     -    0s
H   29    32                     468.0000000  512.56447  9.52%   1.8    0s
H  718   159                     475.0000000  491.61026  3.50%   2.2    0s

Explored 1210 nodes (2790 simplex iterations) in 0.24 seconds
Thread count was 8 (of 8 available processors)

Solution count 5: 475 468 263 ... 32

Optimal solution found (tolerance 1.00e-04)
Best objective 4.750000000000e+02, best bound 4.750000000000e+02, gap 0.0000%

Wrote result file 'a.sol'

