Using license file /home/js/gurobi/gurobi.lic
Set parameter TimeLimit to value 600
Set parameter Cuts to value 0
Set parameter LogFile to value gurobi.log
Academic license - for non-commercial use only

Gurobi Optimizer version 9.0.0 build v9.0.0rc2 (linux64)
Copyright (c) 2019, Gurobi Optimization, LLC

Read LP format model from file a.lp
Reading time = 0.00 seconds
Obj: 20 rows, 40 columns, 373 nonzeros
Optimize a model with 20 rows, 40 columns and 373 nonzeros
Model fingerprint: 0x657550c6
Variable types: 20 continuous, 20 integer (0 binary)
Coefficient statistics:
  Matrix range     [1e+00, 9e+00]
  Objective range  [1e+00, 9e+00]
  Bounds range     [0e+00, 0e+00]
  RHS range        [1e+01, 9e+01]
Found heuristic solution: objective 65.0000000
Found heuristic solution: objective 101.0000000
Presolve removed 0 rows and 20 columns
Presolve time: 0.00s
Presolved: 20 rows, 20 columns, 353 nonzeros
Variable types: 0 continuous, 20 integer (0 binary)

Root relaxation: objective 4.274859e+02, 19 iterations, 0.00 seconds

    Nodes    |    Current Node    |     Objective Bounds      |     Work
 Expl Unexpl |  Obj  Depth IntInf | Incumbent    BestBd   Gap | It/Node Time

     0     0  427.48586    0   10  101.00000  427.48586   323%     -    0s
H    0     0                     242.0000000  427.48586  76.6%     -    0s
H    0     0                     295.0000000  427.48586  44.9%     -    0s
     0     0  426.77697    0    9  295.00000  426.77697  44.7%     -    0s
     0     0  426.77697    0    9  295.00000  426.77697  44.7%     -    0s
H    0     0                     330.0000000  426.77697  29.3%     -    0s
     0     2  426.77697    0    9  330.00000  426.77697  29.3%     -    0s
H    3     6                     372.0000000  423.16614  13.8%   2.7    0s
H  684   129                     390.0000000  396.42409  1.65%   2.7    0s

Explored 839 nodes (2114 simplex iterations) in 0.26 seconds
Thread count was 8 (of 8 available processors)

Solution count 7: 390 372 330 ... 65

Optimal solution found (tolerance 1.00e-04)
Best objective 3.900000000000e+02, best bound 3.900000000000e+02, gap 0.0000%

Wrote result file 'a.sol'

