Using license file /home/js/gurobi/gurobi.lic
Set parameter TimeLimit to value 600
Set parameter Cuts to value 0
Set parameter LogFile to value gurobi.log
Academic license - for non-commercial use only

Gurobi Optimizer version 9.0.0 build v9.0.0rc2 (linux64)
Copyright (c) 2019, Gurobi Optimization, LLC

Read LP format model from file a.lp
Reading time = 0.00 seconds
Obj: 20 rows, 40 columns, 373 nonzeros
Optimize a model with 20 rows, 40 columns and 373 nonzeros
Model fingerprint: 0x509a11df
Variable types: 20 continuous, 20 integer (0 binary)
Coefficient statistics:
  Matrix range     [1e+00, 9e+00]
  Objective range  [1e+00, 9e+00]
  Bounds range     [0e+00, 0e+00]
  RHS range        [1e+01, 9e+01]
Found heuristic solution: objective 33.0000000
Found heuristic solution: objective 36.0000000
Presolve removed 0 rows and 20 columns
Presolve time: 0.00s
Presolved: 20 rows, 20 columns, 353 nonzeros
Variable types: 0 continuous, 20 integer (0 binary)

Root relaxation: objective 3.221163e+03, 21 iterations, 0.00 seconds

    Nodes    |    Current Node    |     Objective Bounds      |     Work
 Expl Unexpl |  Obj  Depth IntInf | Incumbent    BestBd   Gap | It/Node Time

     0     0 3221.16258    0    8   36.00000 3221.16258  8848%     -    0s
     0     0 3203.59486    0    8   36.00000 3203.59486  8799%     -    0s
     0     0 3203.59486    0    8   36.00000 3203.59486  8799%     -    0s
     0     2 3193.00000    0    8   36.00000 3193.00000  8769%     -    0s
H  302    67                    3049.0000000 3140.00188  2.98%   1.8    0s
*  828   150              34    3053.0000000 3124.50404  2.34%   1.9    0s
* 1127   213              37    3065.0000000 3121.38787  1.84%   2.1    0s
* 1297   218              33    3075.0000000 3118.34560  1.41%   2.1    0s
H 1322   218                    3102.0000000 3118.34560  0.53%   2.1    0s
* 1485     1              32    3108.0000000 3116.46064  0.27%   2.2    0s

Explored 1749 nodes (3611 simplex iterations) in 0.34 seconds
Thread count was 8 (of 8 available processors)

Solution count 8: 3108 3102 3075 ... 33

Optimal solution found (tolerance 1.00e-04)
Best objective 3.108000000000e+03, best bound 3.108000000000e+03, gap 0.0000%

Wrote result file 'a.sol'

