Using license file /home/js/gurobi/gurobi.lic
Set parameter TimeLimit to value 600
Set parameter Cuts to value 0
Set parameter LogFile to value gurobi.log
Academic license - for non-commercial use only

Gurobi Optimizer version 9.0.0 build v9.0.0rc2 (linux64)
Copyright (c) 2019, Gurobi Optimization, LLC

Read LP format model from file a.lp
Reading time = 0.00 seconds
Obj: 20 rows, 40 columns, 380 nonzeros
Optimize a model with 20 rows, 40 columns and 380 nonzeros
Model fingerprint: 0x30a1c941
Variable types: 20 continuous, 20 integer (0 binary)
Coefficient statistics:
  Matrix range     [1e+00, 9e+00]
  Objective range  [1e+00, 9e+00]
  Bounds range     [0e+00, 0e+00]
  RHS range        [1e+01, 9e+01]
Found heuristic solution: objective 55.0000000
Found heuristic solution: objective 66.0000000
Presolve removed 0 rows and 20 columns
Presolve time: 0.00s
Presolved: 20 rows, 20 columns, 360 nonzeros
Variable types: 0 continuous, 20 integer (0 binary)

Root relaxation: objective 2.417052e+02, 24 iterations, 0.00 seconds

    Nodes    |    Current Node    |     Objective Bounds      |     Work
 Expl Unexpl |  Obj  Depth IntInf | Incumbent    BestBd   Gap | It/Node Time

     0     0  241.70516    0   12   66.00000  241.70516   266%     -    0s
H    0     0                     166.0000000  241.70516  45.6%     -    0s
     0     0  236.93404    0   12  166.00000  236.93404  42.7%     -    0s
     0     2  236.93404    0   12  166.00000  236.93404  42.7%     -    0s
H  131   116                     187.0000000  236.10850  26.3%   3.1    0s
H  726   321                     196.0000000  229.30359  17.0%   2.7    0s
* 1187   358              15     200.0000000  225.02364  12.5%   2.7    0s
H 1787   423                     202.0000000  221.59080  9.70%   2.8    0s
* 2542   404              18     204.0000000  218.66365  7.19%   2.8    0s

Explored 4024 nodes (12276 simplex iterations) in 0.41 seconds
Thread count was 8 (of 8 available processors)

Solution count 8: 204 202 200 ... 55

Optimal solution found (tolerance 1.00e-04)
Best objective 2.040000000000e+02, best bound 2.040000000000e+02, gap 0.0000%

Wrote result file 'a.sol'

