Using license file /home/js/gurobi/gurobi.lic
Set parameter TimeLimit to value 600
Set parameter Cuts to value 0
Set parameter LogFile to value gurobi.log
Academic license - for non-commercial use only

Gurobi Optimizer version 9.0.0 build v9.0.0rc2 (linux64)
Copyright (c) 2019, Gurobi Optimization, LLC

Read LP format model from file a.lp
Reading time = 0.00 seconds
Obj: 20 rows, 40 columns, 383 nonzeros
Optimize a model with 20 rows, 40 columns and 383 nonzeros
Model fingerprint: 0xe0979b21
Variable types: 20 continuous, 20 integer (0 binary)
Coefficient statistics:
  Matrix range     [1e+00, 9e+00]
  Objective range  [2e+00, 9e+00]
  Bounds range     [0e+00, 0e+00]
  RHS range        [1e+01, 9e+01]
Found heuristic solution: objective 25.0000000
Found heuristic solution: objective 52.0000000
Presolve removed 0 rows and 20 columns
Presolve time: 0.00s
Presolved: 20 rows, 20 columns, 363 nonzeros
Variable types: 0 continuous, 20 integer (0 binary)

Root relaxation: objective 1.857082e+02, 19 iterations, 0.00 seconds

    Nodes    |    Current Node    |     Objective Bounds      |     Work
 Expl Unexpl |  Obj  Depth IntInf | Incumbent    BestBd   Gap | It/Node Time

     0     0  185.70818    0    9   52.00000  185.70818   257%     -    0s
H    0     0                     151.0000000  185.70818  23.0%     -    0s
     0     0  185.70818    0    9  151.00000  185.70818  23.0%     -    0s
H    0     0                     159.0000000  185.70818  16.8%     -    0s
     0     2  182.96621    0    9  159.00000  182.96621  15.1%     -    0s
H    5     8                     163.0000000  181.89924  11.6%   1.2    0s
H   17    19                     174.0000000  180.75918  3.88%   1.8    0s

Explored 65 nodes (125 simplex iterations) in 0.16 seconds
Thread count was 8 (of 8 available processors)

Solution count 6: 174 163 159 ... 25

Optimal solution found (tolerance 1.00e-04)
Best objective 1.740000000000e+02, best bound 1.740000000000e+02, gap 0.0000%

Wrote result file 'a.sol'

