Using license file /home/js/gurobi/gurobi.lic
Set parameter TimeLimit to value 600
Set parameter Cuts to value 0
Set parameter LogFile to value gurobi.log
Academic license - for non-commercial use only

Gurobi Optimizer version 9.0.0 build v9.0.0rc2 (linux64)
Copyright (c) 2019, Gurobi Optimization, LLC

Read LP format model from file a.lp
Reading time = 0.00 seconds
Obj: 10 rows, 20 columns, 103 nonzeros
Optimize a model with 10 rows, 20 columns and 103 nonzeros
Model fingerprint: 0x13e0a413
Variable types: 10 continuous, 10 integer (0 binary)
Coefficient statistics:
  Matrix range     [1e+00, 9e+00]
  Objective range  [3e+00, 9e+00]
  Bounds range     [0e+00, 0e+00]
  RHS range        [1e+01, 8e+01]
Presolve removed 0 rows and 10 columns
Presolve time: 0.00s
Presolved: 10 rows, 10 columns, 93 nonzeros
Variable types: 0 continuous, 10 integer (0 binary)

Root relaxation: objective 1.702516e+02, 7 iterations, 0.00 seconds

    Nodes    |    Current Node    |     Objective Bounds      |     Work
 Expl Unexpl |  Obj  Depth IntInf | Incumbent    BestBd   Gap | It/Node Time

     0     0  170.25158    0    5          -  170.25158      -     -    0s
H    0     0                     101.0000000  170.25158  68.6%     -    0s
     0     0  162.14226    0    5  101.00000  162.14226  60.5%     -    0s
     0     0  162.14226    0    5  101.00000  162.14226  60.5%     -    0s
H    0     0                     122.0000000  162.14226  32.9%     -    0s
     0     2  157.91630    0    5  122.00000  157.91630  29.4%     -    0s

Explored 29 nodes (56 simplex iterations) in 0.05 seconds
Thread count was 8 (of 8 available processors)

Solution count 2: 122 101 

Optimal solution found (tolerance 1.00e-04)
Best objective 1.220000000000e+02, best bound 1.220000000000e+02, gap 0.0000%

Wrote result file 'a.sol'

