Using license file /home/js/gurobi/gurobi.lic
Set parameter TimeLimit to value 600
Set parameter Cuts to value 0
Set parameter LogFile to value gurobi.log
Academic license - for non-commercial use only

Gurobi Optimizer version 9.0.0 build v9.0.0rc2 (linux64)
Copyright (c) 2019, Gurobi Optimization, LLC

Read LP format model from file a.lp
Reading time = 0.00 seconds
Obj: 20 rows, 40 columns, 371 nonzeros
Optimize a model with 20 rows, 40 columns and 371 nonzeros
Model fingerprint: 0x60cc44f9
Variable types: 20 continuous, 20 integer (0 binary)
Coefficient statistics:
  Matrix range     [1e+00, 9e+00]
  Objective range  [1e+00, 9e+00]
  Bounds range     [0e+00, 0e+00]
  RHS range        [1e+01, 9e+01]
Found heuristic solution: objective 45.0000000
Found heuristic solution: objective 57.0000000
Presolve removed 0 rows and 20 columns
Presolve time: 0.00s
Presolved: 20 rows, 20 columns, 351 nonzeros
Variable types: 0 continuous, 20 integer (0 binary)

Root relaxation: objective 1.226664e+03, 18 iterations, 0.00 seconds

    Nodes    |    Current Node    |     Objective Bounds      |     Work
 Expl Unexpl |  Obj  Depth IntInf | Incumbent    BestBd   Gap | It/Node Time

     0     0 1226.66414    0    9   57.00000 1226.66414  2052%     -    0s
     0     0 1226.66414    0    9   57.00000 1226.66414  2052%     -    0s
     0     2 1222.17003    0    9   57.00000 1222.17003  2044%     -    0s
H  744   339                    1114.0000000 1201.72707  7.87%   2.1    0s
*  868   283              18    1144.0000000 1199.67682  4.87%   2.0    0s
* 1063   272              25    1163.0000000 1195.09529  2.76%   2.0    0s
* 1263   231              20    1170.0000000 1194.19990  2.07%   2.0    0s
* 1350   231              20    1174.0000000 1193.36163  1.65%   2.0    0s
* 1664   113              14    1183.0000000 1190.94088  0.67%   2.1    0s

Explored 1888 nodes (3829 simplex iterations) in 0.27 seconds
Thread count was 8 (of 8 available processors)

Solution count 8: 1183 1174 1170 ... 45

Optimal solution found (tolerance 1.00e-04)
Best objective 1.183000000000e+03, best bound 1.183000000000e+03, gap 0.0000%

Wrote result file 'a.sol'

