Using license file /home/js/gurobi/gurobi.lic
Set parameter TimeLimit to value 600
Set parameter Cuts to value 0
Set parameter LogFile to value gurobi.log
Academic license - for non-commercial use only

Gurobi Optimizer version 9.0.0 build v9.0.0rc2 (linux64)
Copyright (c) 2019, Gurobi Optimization, LLC

Read LP format model from file a.lp
Reading time = 0.00 seconds
Obj: 6 rows, 12 columns, 41 nonzeros
Optimize a model with 6 rows, 12 columns and 41 nonzeros
Model fingerprint: 0x6634e270
Variable types: 6 continuous, 6 integer (0 binary)
Coefficient statistics:
  Matrix range     [1e+00, 9e+00]
  Objective range  [1e+00, 9e+00]
  Bounds range     [0e+00, 0e+00]
  RHS range        [6e+01, 9e+01]
Presolve removed 0 rows and 6 columns
Presolve time: 0.01s
Presolved: 6 rows, 6 columns, 35 nonzeros
Variable types: 0 continuous, 6 integer (0 binary)
Found heuristic solution: objective 16.0000000

Root relaxation: objective 1.394052e+02, 5 iterations, 0.00 seconds

    Nodes    |    Current Node    |     Objective Bounds      |     Work
 Expl Unexpl |  Obj  Depth IntInf | Incumbent    BestBd   Gap | It/Node Time

     0     0  139.40520    0    4   16.00000  139.40520   771%     -    0s
H    0     0                     132.0000000  139.40520  5.61%     -    0s
H    0     0                     134.0000000  139.40520  4.03%     -    0s
     0     0  139.40520    0    4  134.00000  139.40520  4.03%     -    0s
     0     2  138.49541    0    4  134.00000  138.49541  3.35%     -    0s

Explored 12 nodes (18 simplex iterations) in 0.08 seconds
Thread count was 8 (of 8 available processors)

Solution count 3: 134 132 16 

Optimal solution found (tolerance 1.00e-04)
Best objective 1.340000000000e+02, best bound 1.340000000000e+02, gap 0.0000%

Wrote result file 'a.sol'

