Using license file /home/js/gurobi/gurobi.lic
Set parameter TimeLimit to value 600
Set parameter Cuts to value 0
Set parameter LogFile to value gurobi.log
Academic license - for non-commercial use only

Gurobi Optimizer version 9.0.0 build v9.0.0rc2 (linux64)
Copyright (c) 2019, Gurobi Optimization, LLC

Read LP format model from file a.lp
Reading time = 0.00 seconds
Obj: 20 rows, 40 columns, 381 nonzeros
Optimize a model with 20 rows, 40 columns and 381 nonzeros
Model fingerprint: 0x5db0e2f4
Variable types: 20 continuous, 20 integer (0 binary)
Coefficient statistics:
  Matrix range     [1e+00, 9e+00]
  Objective range  [1e+00, 9e+00]
  Bounds range     [0e+00, 0e+00]
  RHS range        [1e+01, 9e+01]
Found heuristic solution: objective 35.0000000
Found heuristic solution: objective 44.0000000
Presolve removed 0 rows and 20 columns
Presolve time: 0.00s
Presolved: 20 rows, 20 columns, 361 nonzeros
Variable types: 0 continuous, 20 integer (0 binary)

Root relaxation: objective 1.602212e+02, 17 iterations, 0.00 seconds

    Nodes    |    Current Node    |     Objective Bounds      |     Work
 Expl Unexpl |  Obj  Depth IntInf | Incumbent    BestBd   Gap | It/Node Time

     0     0  160.22120    0    8   44.00000  160.22120   264%     -    0s
H    0     0                      78.0000000  160.22120   105%     -    0s
     0     0  160.22120    0    8   78.00000  160.22120   105%     -    0s
H    0     0                     135.0000000  160.22120  18.7%     -    0s
     0     2  156.23070    0    8  135.00000  156.23070  15.7%     -    0s
H    9    11                     144.0000000  154.54255  7.32%   1.4    0s

Explored 95 nodes (203 simplex iterations) in 0.13 seconds
Thread count was 8 (of 8 available processors)

Solution count 5: 144 135 78 ... 35

Optimal solution found (tolerance 1.00e-04)
Best objective 1.440000000000e+02, best bound 1.440000000000e+02, gap 0.0000%

Wrote result file 'a.sol'

