Using license file /home/js/gurobi/gurobi.lic
Set parameter TimeLimit to value 600
Set parameter Cuts to value 0
Set parameter LogFile to value gurobi.log
Academic license - for non-commercial use only

Gurobi Optimizer version 9.0.0 build v9.0.0rc2 (linux64)
Copyright (c) 2019, Gurobi Optimization, LLC

Read LP format model from file a.lp
Reading time = 0.00 seconds
Obj: 20 rows, 40 columns, 382 nonzeros
Optimize a model with 20 rows, 40 columns and 382 nonzeros
Model fingerprint: 0x21aa5dfc
Variable types: 20 continuous, 20 integer (0 binary)
Coefficient statistics:
  Matrix range     [1e+00, 9e+00]
  Objective range  [1e+00, 9e+00]
  Bounds range     [0e+00, 0e+00]
  RHS range        [1e+01, 9e+01]
Found heuristic solution: objective 76.0000000
Found heuristic solution: objective 98.0000000
Presolve removed 0 rows and 20 columns
Presolve time: 0.00s
Presolved: 20 rows, 20 columns, 362 nonzeros
Variable types: 0 continuous, 20 integer (0 binary)

Root relaxation: objective 3.218103e+02, 13 iterations, 0.00 seconds

    Nodes    |    Current Node    |     Objective Bounds      |     Work
 Expl Unexpl |  Obj  Depth IntInf | Incumbent    BestBd   Gap | It/Node Time

     0     0  321.81028    0    7   98.00000  321.81028   228%     -    0s
H    0     0                     262.0000000  321.81028  22.8%     -    0s
H    0     0                     291.0000000  321.81028  10.6%     -    0s
     0     0  321.81028    0    7  291.00000  321.81028  10.6%     -    0s
     0     2  318.00000    0    7  291.00000  318.00000  9.28%     -    0s
*  163    70              15     293.0000000  317.72071  8.44%   1.7    0s
H  366   100                     296.0000000  307.46752  3.87%   1.9    0s
H  460    92                     300.0000000  306.28044  2.09%   1.9    0s
H  665     0                     302.0000000  303.80335  0.60%   1.9    0s

Explored 688 nodes (1314 simplex iterations) in 0.24 seconds
Thread count was 8 (of 8 available processors)

Solution count 8: 302 300 296 ... 76

Optimal solution found (tolerance 1.00e-04)
Best objective 3.020000000000e+02, best bound 3.020000000000e+02, gap 0.0000%

Wrote result file 'a.sol'

