Using license file /home/js/gurobi/gurobi.lic
Set parameter TimeLimit to value 600
Set parameter Cuts to value 0
Set parameter LogFile to value gurobi.log
Academic license - for non-commercial use only

Gurobi Optimizer version 9.0.0 build v9.0.0rc2 (linux64)
Copyright (c) 2019, Gurobi Optimization, LLC

Read LP format model from file a.lp
Reading time = 0.00 seconds
Obj: 16 rows, 32 columns, 251 nonzeros
Optimize a model with 16 rows, 32 columns and 251 nonzeros
Model fingerprint: 0x87fc3f36
Variable types: 16 continuous, 16 integer (0 binary)
Coefficient statistics:
  Matrix range     [1e+00, 9e+00]
  Objective range  [1e+00, 8e+00]
  Bounds range     [0e+00, 0e+00]
  RHS range        [1e+01, 9e+01]
Presolve removed 0 rows and 16 columns
Presolve time: 0.00s
Presolved: 16 rows, 16 columns, 235 nonzeros
Variable types: 0 continuous, 16 integer (0 binary)

Root relaxation: objective 7.897501e+02, 18 iterations, 0.00 seconds

    Nodes    |    Current Node    |     Objective Bounds      |     Work
 Expl Unexpl |  Obj  Depth IntInf | Incumbent    BestBd   Gap | It/Node Time

     0     0  789.75007    0    9          -  789.75007      -     -    0s
     0     0  767.62790    0    8          -  767.62790      -     -    0s
     0     0  767.62790    0    8          -  767.62790      -     -    0s
     0     2  761.50028    0    8          -  761.50028      -     -    0s
*  430   111              19     664.0000000  670.33006  0.95%   2.3    0s

Explored 587 nodes (1147 simplex iterations) in 0.24 seconds
Thread count was 8 (of 8 available processors)

Solution count 1: 664 

Optimal solution found (tolerance 1.00e-04)
Best objective 6.640000000000e+02, best bound 6.640000000000e+02, gap 0.0000%

Wrote result file 'a.sol'

