Using license file /home/js/gurobi/gurobi.lic
Set parameter TimeLimit to value 600
Set parameter Cuts to value 0
Set parameter LogFile to value gurobi.log
Academic license - for non-commercial use only

Gurobi Optimizer version 9.0.0 build v9.0.0rc2 (linux64)
Copyright (c) 2019, Gurobi Optimization, LLC

Read LP format model from file a.lp
Reading time = 0.00 seconds
Obj: 20 rows, 40 columns, 390 nonzeros
Optimize a model with 20 rows, 40 columns and 390 nonzeros
Model fingerprint: 0xd49b42e9
Variable types: 20 continuous, 20 integer (0 binary)
Coefficient statistics:
  Matrix range     [1e+00, 9e+00]
  Objective range  [1e+00, 9e+00]
  Bounds range     [0e+00, 0e+00]
  RHS range        [1e+01, 9e+01]
Found heuristic solution: objective 41.0000000
Found heuristic solution: objective 86.0000000
Presolve removed 0 rows and 20 columns
Presolve time: 0.00s
Presolved: 20 rows, 20 columns, 370 nonzeros
Variable types: 0 continuous, 20 integer (0 binary)

Root relaxation: objective 2.331551e+02, 18 iterations, 0.00 seconds

    Nodes    |    Current Node    |     Objective Bounds      |     Work
 Expl Unexpl |  Obj  Depth IntInf | Incumbent    BestBd   Gap | It/Node Time

     0     0  233.15515    0   11   86.00000  233.15515   171%     -    0s
H    0     0                     162.0000000  233.15515  43.9%     -    0s
     0     0  233.15515    0   11  162.00000  233.15515  43.9%     -    0s
     0     2  233.15515    0   11  162.00000  233.15515  43.9%     -    0s
H   26    32                     207.0000000  230.13539  11.2%   1.5    0s
*  160    93              16     211.0000000  226.35660  7.28%   1.8    0s
*  814   183              13     215.0000000  221.65758  3.10%   2.2    0s

Explored 1160 nodes (2566 simplex iterations) in 0.21 seconds
Thread count was 8 (of 8 available processors)

Solution count 6: 215 211 207 ... 41

Optimal solution found (tolerance 1.00e-04)
Best objective 2.150000000000e+02, best bound 2.150000000000e+02, gap 0.0000%

Wrote result file 'a.sol'

