Using license file /home/js/gurobi/gurobi.lic
Set parameter TimeLimit to value 600
Set parameter Cuts to value 0
Set parameter LogFile to value gurobi.log
Academic license - for non-commercial use only

Gurobi Optimizer version 9.0.0 build v9.0.0rc2 (linux64)
Copyright (c) 2019, Gurobi Optimization, LLC

Read LP format model from file a.lp
Reading time = 0.00 seconds
Obj: 20 rows, 40 columns, 382 nonzeros
Optimize a model with 20 rows, 40 columns and 382 nonzeros
Model fingerprint: 0xb2c8d0d5
Variable types: 20 continuous, 20 integer (0 binary)
Coefficient statistics:
  Matrix range     [1e+00, 9e+00]
  Objective range  [1e+00, 9e+00]
  Bounds range     [0e+00, 0e+00]
  RHS range        [1e+01, 9e+01]
Found heuristic solution: objective 123.0000000
Found heuristic solution: objective 143.0000000
Presolve removed 0 rows and 20 columns
Presolve time: 0.00s
Presolved: 20 rows, 20 columns, 362 nonzeros
Variable types: 0 continuous, 20 integer (0 binary)

Root relaxation: objective 3.222473e+02, 25 iterations, 0.00 seconds

    Nodes    |    Current Node    |     Objective Bounds      |     Work
 Expl Unexpl |  Obj  Depth IntInf | Incumbent    BestBd   Gap | It/Node Time

     0     0  322.24725    0   10  143.00000  322.24725   125%     -    0s
H    0     0                     206.0000000  322.24725  56.4%     -    0s
     0     0  322.24725    0   10  206.00000  322.24725  56.4%     -    0s
H    0     2                     271.0000000  322.24725  18.9%     -    0s
     0     2  322.24725    0   10  271.00000  322.24725  18.9%     -    0s
H   88    91                     285.0000000  319.54776  12.1%   2.3    0s
* 1317   434              20     289.0000000  309.33088  7.03%   2.5    0s
H 1649   422                     293.0000000  308.57308  5.32%   2.6    0s
H 1757   381                     295.0000000  307.64825  4.29%   2.6    0s
* 1884   252              19     299.0000000  307.23683  2.75%   2.6    0s

Explored 2637 nodes (7256 simplex iterations) in 0.28 seconds
Thread count was 8 (of 8 available processors)

Solution count 9: 299 295 293 ... 123

Optimal solution found (tolerance 1.00e-04)
Best objective 2.990000000000e+02, best bound 2.990000000000e+02, gap 0.0000%

Wrote result file 'a.sol'

