Using license file /home/js/gurobi/gurobi.lic
Set parameter TimeLimit to value 600
Set parameter Cuts to value 0
Set parameter LogFile to value gurobi.log
Academic license - for non-commercial use only

Gurobi Optimizer version 9.0.0 build v9.0.0rc2 (linux64)
Copyright (c) 2019, Gurobi Optimization, LLC

Read LP format model from file a.lp
Reading time = 0.00 seconds
Obj: 9 rows, 18 columns, 81 nonzeros
Optimize a model with 9 rows, 18 columns and 81 nonzeros
Model fingerprint: 0x308a52ae
Variable types: 9 continuous, 9 integer (0 binary)
Coefficient statistics:
  Matrix range     [1e+00, 9e+00]
  Objective range  [3e+00, 7e+00]
  Bounds range     [0e+00, 0e+00]
  RHS range        [1e+01, 9e+01]
Presolve removed 0 rows and 9 columns
Presolve time: 0.00s
Presolved: 9 rows, 9 columns, 72 nonzeros
Variable types: 0 continuous, 9 integer (0 binary)

Root relaxation: objective 1.918085e+02, 7 iterations, 0.00 seconds

    Nodes    |    Current Node    |     Objective Bounds      |     Work
 Expl Unexpl |  Obj  Depth IntInf | Incumbent    BestBd   Gap | It/Node Time

     0     0  191.80851    0    4          -  191.80851      -     -    0s
H    0     0                     183.0000000  191.80851  4.81%     -    0s
     0     0  191.41518    0    4  183.00000  191.41518  4.60%     -    0s
     0     0  189.16667    0    2  183.00000  189.16667  3.37%     -    0s
     0     0  189.16667    0    2  183.00000  189.16667  3.37%     -    0s
     0     2  189.16667    0    2  183.00000  189.16667  3.37%     -    0s

Explored 3 nodes (18 simplex iterations) in 0.01 seconds
Thread count was 8 (of 8 available processors)

Solution count 1: 183 

Optimal solution found (tolerance 1.00e-04)
Best objective 1.830000000000e+02, best bound 1.830000000000e+02, gap 0.0000%

Wrote result file 'a.sol'

