Using license file /home/js/gurobi/gurobi.lic
Set parameter TimeLimit to value 600
Set parameter Cuts to value 0
Set parameter LogFile to value gurobi.log
Academic license - for non-commercial use only

Gurobi Optimizer version 9.0.0 build v9.0.0rc2 (linux64)
Copyright (c) 2019, Gurobi Optimization, LLC

Read LP format model from file a.lp
Reading time = 0.00 seconds
Obj: 7 rows, 14 columns, 55 nonzeros
Optimize a model with 7 rows, 14 columns and 55 nonzeros
Model fingerprint: 0x3e61dd23
Variable types: 7 continuous, 7 integer (0 binary)
Coefficient statistics:
  Matrix range     [1e+00, 9e+00]
  Objective range  [1e+00, 9e+00]
  Bounds range     [0e+00, 0e+00]
  RHS range        [3e+01, 7e+01]
Presolve removed 0 rows and 7 columns
Presolve time: 0.00s
Presolved: 7 rows, 7 columns, 48 nonzeros
Variable types: 0 continuous, 7 integer (0 binary)

Root relaxation: objective 3.497959e+02, 5 iterations, 0.00 seconds

    Nodes    |    Current Node    |     Objective Bounds      |     Work
 Expl Unexpl |  Obj  Depth IntInf | Incumbent    BestBd   Gap | It/Node Time

     0     0  349.79592    0    4          -  349.79592      -     -    0s
H    0     0                     307.0000000  349.79592  13.9%     -    0s
H    0     0                     326.0000000  349.79592  7.30%     -    0s
     0     0  335.03226    0    2  326.00000  335.03226  2.77%     -    0s
     0     0  335.03226    0    2  326.00000  335.03226  2.77%     -    0s
     0     2  327.12903    0    2  326.00000  327.12903  0.35%     -    0s

Explored 3 nodes (10 simplex iterations) in 0.01 seconds
Thread count was 8 (of 8 available processors)

Solution count 2: 326 307 

Optimal solution found (tolerance 1.00e-04)
Best objective 3.260000000000e+02, best bound 3.260000000000e+02, gap 0.0000%

Wrote result file 'a.sol'

