Using license file /home/js/gurobi/gurobi.lic
Set parameter TimeLimit to value 600
Set parameter Cuts to value 0
Set parameter LogFile to value gurobi.log
Academic license - for non-commercial use only

Gurobi Optimizer version 9.0.0 build v9.0.0rc2 (linux64)
Copyright (c) 2019, Gurobi Optimization, LLC

Read LP format model from file a.lp
Reading time = 0.00 seconds
Obj: 7 rows, 14 columns, 49 nonzeros
Optimize a model with 7 rows, 14 columns and 49 nonzeros
Model fingerprint: 0x4aa362b4
Variable types: 7 continuous, 7 integer (0 binary)
Coefficient statistics:
  Matrix range     [1e+00, 9e+00]
  Objective range  [2e+00, 8e+00]
  Bounds range     [0e+00, 0e+00]
  RHS range        [1e+01, 8e+01]
Presolve removed 0 rows and 7 columns
Presolve time: 0.00s
Presolved: 7 rows, 7 columns, 42 nonzeros
Variable types: 0 continuous, 7 integer (0 binary)

Root relaxation: objective 3.100000e+02, 8 iterations, 0.00 seconds

    Nodes    |    Current Node    |     Objective Bounds      |     Work
 Expl Unexpl |  Obj  Depth IntInf | Incumbent    BestBd   Gap | It/Node Time

     0     0  310.00000    0    3          -  310.00000      -     -    0s
H    0     0                     294.0000000  310.00000  5.44%     -    0s
     0     0  310.00000    0    3  294.00000  310.00000  5.44%     -    0s
     0     2  308.50000    0    3  294.00000  308.50000  4.93%     -    0s
H    7     3                     302.0000000  306.00000  1.32%   1.4    0s

Explored 13 nodes (22 simplex iterations) in 0.06 seconds
Thread count was 8 (of 8 available processors)

Solution count 2: 302 294 

Optimal solution found (tolerance 1.00e-04)
Best objective 3.020000000000e+02, best bound 3.020000000000e+02, gap 0.0000%

Wrote result file 'a.sol'

