Using license file /home/js/gurobi/gurobi.lic
Set parameter TimeLimit to value 600
Set parameter Cuts to value 0
Set parameter LogFile to value gurobi.log
Academic license - for non-commercial use only

Gurobi Optimizer version 9.0.0 build v9.0.0rc2 (linux64)
Copyright (c) 2019, Gurobi Optimization, LLC

Read LP format model from file a.lp
Reading time = 0.00 seconds
Obj: 7 rows, 14 columns, 49 nonzeros
Optimize a model with 7 rows, 14 columns and 49 nonzeros
Model fingerprint: 0x5fcdc0a2
Variable types: 7 continuous, 7 integer (0 binary)
Coefficient statistics:
  Matrix range     [1e+00, 9e+00]
  Objective range  [4e+00, 9e+00]
  Bounds range     [0e+00, 0e+00]
  RHS range        [2e+01, 8e+01]
Presolve removed 0 rows and 7 columns
Presolve time: 0.01s
Presolved: 7 rows, 7 columns, 42 nonzeros
Variable types: 0 continuous, 7 integer (0 binary)

Root relaxation: objective 1.072464e+02, 7 iterations, 0.00 seconds

    Nodes    |    Current Node    |     Objective Bounds      |     Work
 Expl Unexpl |  Obj  Depth IntInf | Incumbent    BestBd   Gap | It/Node Time

     0     0  107.24638    0    5          -  107.24638      -     -    0s
H    0     0                      66.0000000  107.24638  62.5%     -    0s
H    0     0                      89.0000000  107.24638  20.5%     -    0s
     0     0  107.24638    0    5   89.00000  107.24638  20.5%     -    0s
     0     2  100.00000    0    4   89.00000  100.00000  12.4%     -    0s

Explored 11 nodes (20 simplex iterations) in 0.06 seconds
Thread count was 8 (of 8 available processors)

Solution count 2: 89 66 

Optimal solution found (tolerance 1.00e-04)
Best objective 8.900000000000e+01, best bound 8.900000000000e+01, gap 0.0000%

Wrote result file 'a.sol'

