Using license file /home/js/gurobi/gurobi.lic
Set parameter TimeLimit to value 600
Set parameter Cuts to value 0
Set parameter LogFile to value gurobi.log
Academic license - for non-commercial use only

Gurobi Optimizer version 9.0.0 build v9.0.0rc2 (linux64)
Copyright (c) 2019, Gurobi Optimization, LLC

Read LP format model from file a.lp
Reading time = 0.00 seconds
Obj: 20 rows, 40 columns, 378 nonzeros
Optimize a model with 20 rows, 40 columns and 378 nonzeros
Model fingerprint: 0x3bcf6eca
Variable types: 20 continuous, 20 integer (0 binary)
Coefficient statistics:
  Matrix range     [1e+00, 9e+00]
  Objective range  [1e+00, 9e+00]
  Bounds range     [0e+00, 0e+00]
  RHS range        [1e+01, 9e+01]
Found heuristic solution: objective 8.0000000
Found heuristic solution: objective 25.0000000
Presolve removed 0 rows and 20 columns
Presolve time: 0.00s
Presolved: 20 rows, 20 columns, 358 nonzeros
Variable types: 0 continuous, 20 integer (0 binary)

Root relaxation: objective 6.366880e+01, 18 iterations, 0.00 seconds

    Nodes    |    Current Node    |     Objective Bounds      |     Work
 Expl Unexpl |  Obj  Depth IntInf | Incumbent    BestBd   Gap | It/Node Time

     0     0   63.66880    0    5   25.00000   63.66880   155%     -    0s
H    0     0                      48.0000000   63.66880  32.6%     -    0s
     0     0   63.66880    0    5   48.00000   63.66880  32.6%     -    0s
H    0     0                      49.0000000   63.66880  29.9%     -    0s
H    0     0                      58.0000000   63.66880  9.77%     -    0s
     0     2   63.66880    0    5   58.00000   63.66880  9.77%     -    0s

Explored 22 nodes (58 simplex iterations) in 0.11 seconds
Thread count was 8 (of 8 available processors)

Solution count 5: 58 49 48 ... 8

Optimal solution found (tolerance 1.00e-04)
Best objective 5.800000000000e+01, best bound 5.800000000000e+01, gap 0.0000%

Wrote result file 'a.sol'

