Using license file /home/js/gurobi/gurobi.lic
Set parameter TimeLimit to value 600
Set parameter Cuts to value 0
Set parameter LogFile to value gurobi.log
Academic license - for non-commercial use only

Gurobi Optimizer version 9.0.0 build v9.0.0rc2 (linux64)
Copyright (c) 2019, Gurobi Optimization, LLC

Read LP format model from file a.lp
Reading time = 0.00 seconds
Obj: 20 rows, 40 columns, 382 nonzeros
Optimize a model with 20 rows, 40 columns and 382 nonzeros
Model fingerprint: 0x7cbdb416
Variable types: 20 continuous, 20 integer (0 binary)
Coefficient statistics:
  Matrix range     [1e+00, 9e+00]
  Objective range  [1e+00, 9e+00]
  Bounds range     [0e+00, 0e+00]
  RHS range        [1e+01, 9e+01]
Found heuristic solution: objective 108.0000000
Found heuristic solution: objective 187.0000000
Presolve removed 0 rows and 20 columns
Presolve time: 0.00s
Presolved: 20 rows, 20 columns, 362 nonzeros
Variable types: 0 continuous, 20 integer (0 binary)

Root relaxation: objective 1.586875e+03, 16 iterations, 0.00 seconds

    Nodes    |    Current Node    |     Objective Bounds      |     Work
 Expl Unexpl |  Obj  Depth IntInf | Incumbent    BestBd   Gap | It/Node Time

     0     0 1586.87485    0   10  187.00000 1586.87485   749%     -    0s
     0     0 1580.88273    0    8  187.00000 1580.88273   745%     -    0s
     0     0 1580.88273    0    8  187.00000 1580.88273   745%     -    0s
     0     2 1574.94617    0    8  187.00000 1574.94617   742%     -    0s
H  127   101                    1438.0000000 1571.27714  9.27%   2.1    0s
H 1301   451                    1449.0000000 1538.00204  6.14%   2.5    0s
* 1757   536              31    1452.0000000 1532.25401  5.53%   2.5    0s
H 2463   621                    1477.0000000 1528.11573  3.46%   2.5    0s
* 2716   569              25    1485.0000000 1526.44206  2.79%   2.5    0s
H 2816   253                    1517.0000000 1526.32207  0.61%   2.5    0s

Explored 3287 nodes (8101 simplex iterations) in 0.38 seconds
Thread count was 8 (of 8 available processors)

Solution count 8: 1517 1485 1477 ... 108

Optimal solution found (tolerance 1.00e-04)
Best objective 1.517000000000e+03, best bound 1.517000000000e+03, gap 0.0000%

Wrote result file 'a.sol'

