Using license file /home/js/gurobi/gurobi.lic
Set parameter TimeLimit to value 600
Set parameter Cuts to value 0
Set parameter LogFile to value gurobi.log
Academic license - for non-commercial use only

Gurobi Optimizer version 9.0.0 build v9.0.0rc2 (linux64)
Copyright (c) 2019, Gurobi Optimization, LLC

Read LP format model from file a.lp
Reading time = 0.00 seconds
Obj: 20 rows, 40 columns, 385 nonzeros
Optimize a model with 20 rows, 40 columns and 385 nonzeros
Model fingerprint: 0xbfec8682
Variable types: 20 continuous, 20 integer (0 binary)
Coefficient statistics:
  Matrix range     [1e+00, 9e+00]
  Objective range  [2e+00, 9e+00]
  Bounds range     [0e+00, 0e+00]
  RHS range        [1e+01, 7e+01]
Found heuristic solution: objective 65.0000000
Found heuristic solution: objective 92.0000000
Presolve removed 0 rows and 20 columns
Presolve time: 0.00s
Presolved: 20 rows, 20 columns, 365 nonzeros
Variable types: 0 continuous, 20 integer (0 binary)

Root relaxation: objective 2.403010e+02, 17 iterations, 0.00 seconds

    Nodes    |    Current Node    |     Objective Bounds      |     Work
 Expl Unexpl |  Obj  Depth IntInf | Incumbent    BestBd   Gap | It/Node Time

     0     0  240.30103    0   11   92.00000  240.30103   161%     -    0s
H    0     0                     191.0000000  240.30103  25.8%     -    0s
     0     0  239.65413    0   11  191.00000  239.65413  25.5%     -    0s
     0     2  239.65413    0   11  191.00000  239.65413  25.5%     -    0s
*  252   148              22     194.0000000  235.65892  21.5%   2.2    0s
H  318   174                     215.0000000  235.53350  9.55%   2.2    0s
*  887   277              19     216.0000000  231.09660  6.99%   2.3    0s
* 1202   277              12     217.0000000  230.14934  6.06%   2.4    0s
H 1911   229                     221.0000000  228.19354  3.25%   2.5    0s

Explored 2623 nodes (6824 simplex iterations) in 0.32 seconds
Thread count was 8 (of 8 available processors)

Solution count 8: 221 217 216 ... 65

Optimal solution found (tolerance 1.00e-04)
Best objective 2.210000000000e+02, best bound 2.210000000000e+02, gap 0.0000%

Wrote result file 'a.sol'

