Using license file /home/js/gurobi/gurobi.lic
Set parameter TimeLimit to value 600
Set parameter Cuts to value 0
Set parameter LogFile to value gurobi.log
Academic license - for non-commercial use only

Gurobi Optimizer version 9.0.0 build v9.0.0rc2 (linux64)
Copyright (c) 2019, Gurobi Optimization, LLC

Read LP format model from file a.lp
Reading time = 0.00 seconds
Obj: 20 rows, 40 columns, 374 nonzeros
Optimize a model with 20 rows, 40 columns and 374 nonzeros
Model fingerprint: 0xf4677511
Variable types: 20 continuous, 20 integer (0 binary)
Coefficient statistics:
  Matrix range     [1e+00, 9e+00]
  Objective range  [1e+00, 9e+00]
  Bounds range     [0e+00, 0e+00]
  RHS range        [1e+01, 9e+01]
Found heuristic solution: objective 92.0000000
Found heuristic solution: objective 136.0000000
Presolve removed 0 rows and 20 columns
Presolve time: 0.00s
Presolved: 20 rows, 20 columns, 354 nonzeros
Variable types: 0 continuous, 20 integer (0 binary)

Root relaxation: objective 4.060747e+02, 16 iterations, 0.00 seconds

    Nodes    |    Current Node    |     Objective Bounds      |     Work
 Expl Unexpl |  Obj  Depth IntInf | Incumbent    BestBd   Gap | It/Node Time

     0     0  406.07474    0    7  136.00000  406.07474   199%     -    0s
H    0     0                     371.0000000  406.07474  9.45%     -    0s
     0     0  406.07474    0    7  371.00000  406.07474  9.45%     -    0s
     0     2  401.27619    0    7  371.00000  401.27619  8.16%     -    0s
*   49    26               7     378.0000000  401.27619  6.16%   2.1    0s
*   82    29              13     383.0000000  401.27619  4.77%   2.2    0s
*  112    37              15     384.0000000  401.27619  4.50%   2.2    0s
*  145    33               9     390.0000000  401.27619  2.89%   2.2    0s

Explored 445 nodes (921 simplex iterations) in 0.18 seconds
Thread count was 8 (of 8 available processors)

Solution count 7: 390 384 383 ... 92

Optimal solution found (tolerance 1.00e-04)
Best objective 3.900000000000e+02, best bound 3.900000000000e+02, gap 0.0000%

Wrote result file 'a.sol'

