Using license file /home/js/gurobi/gurobi.lic
Set parameter TimeLimit to value 600
Set parameter Cuts to value 0
Set parameter LogFile to value gurobi.log
Academic license - for non-commercial use only

Gurobi Optimizer version 9.0.0 build v9.0.0rc2 (linux64)
Copyright (c) 2019, Gurobi Optimization, LLC

Read LP format model from file a.lp
Reading time = 0.00 seconds
Obj: 17 rows, 34 columns, 271 nonzeros
Optimize a model with 17 rows, 34 columns and 271 nonzeros
Model fingerprint: 0xe86f0c06
Variable types: 17 continuous, 17 integer (0 binary)
Coefficient statistics:
  Matrix range     [1e+00, 9e+00]
  Objective range  [1e+00, 9e+00]
  Bounds range     [0e+00, 0e+00]
  RHS range        [1e+01, 9e+01]
Presolve removed 0 rows and 17 columns
Presolve time: 0.00s
Presolved: 17 rows, 17 columns, 254 nonzeros
Variable types: 0 continuous, 17 integer (0 binary)

Root relaxation: objective 2.558447e+01, 21 iterations, 0.00 seconds

    Nodes    |    Current Node    |     Objective Bounds      |     Work
 Expl Unexpl |  Obj  Depth IntInf | Incumbent    BestBd   Gap | It/Node Time

     0     0   25.58447    0    9          -   25.58447      -     -    0s
H    0     0                     -42.0000000   25.58447   161%     -    0s
     0     0   25.58447    0    9  -42.00000   25.58447   161%     -    0s
     0     2   25.58447    0    9  -42.00000   25.58447   161%     -    0s
H   13    16                       8.0000000   24.90437   211%   1.1    0s
H 1369   255                      11.0000000   19.58451  78.0%   2.1    0s
* 1720   185              13      12.0000000   18.11894  51.0%   2.2    0s
H 1751   174                      13.0000000   17.78704  36.8%   2.2    0s

Explored 2041 nodes (4526 simplex iterations) in 0.31 seconds
Thread count was 8 (of 8 available processors)

Solution count 5: 13 12 11 ... -42

Optimal solution found (tolerance 1.00e-04)
Best objective 1.300000000000e+01, best bound 1.300000000000e+01, gap 0.0000%

Wrote result file 'a.sol'

