Using license file /home/js/gurobi/gurobi.lic
Set parameter TimeLimit to value 600
Set parameter Cuts to value 0
Set parameter LogFile to value gurobi.log
Academic license - for non-commercial use only

Gurobi Optimizer version 9.0.0 build v9.0.0rc2 (linux64)
Copyright (c) 2019, Gurobi Optimization, LLC

Read LP format model from file a.lp
Reading time = 0.00 seconds
Obj: 20 rows, 40 columns, 390 nonzeros
Optimize a model with 20 rows, 40 columns and 390 nonzeros
Model fingerprint: 0xa65486ed
Variable types: 20 continuous, 20 integer (0 binary)
Coefficient statistics:
  Matrix range     [1e+00, 9e+00]
  Objective range  [1e+00, 9e+00]
  Bounds range     [0e+00, 0e+00]
  RHS range        [1e+01, 9e+01]
Found heuristic solution: objective 95.0000000
Found heuristic solution: objective 114.0000000
Presolve removed 0 rows and 20 columns
Presolve time: 0.03s
Presolved: 20 rows, 20 columns, 370 nonzeros
Variable types: 0 continuous, 20 integer (0 binary)

Root relaxation: objective 2.759008e+02, 14 iterations, 0.00 seconds

    Nodes    |    Current Node    |     Objective Bounds      |     Work
 Expl Unexpl |  Obj  Depth IntInf | Incumbent    BestBd   Gap | It/Node Time

     0     0  275.90083    0    9  114.00000  275.90083   142%     -    0s
H    0     0                     237.0000000  275.90083  16.4%     -    0s
     0     0  275.70516    0    8  237.00000  275.70516  16.3%     -    0s
     0     0  275.70516    0    8  237.00000  275.70516  16.3%     -    0s
H    0     0                     253.0000000  275.70516  8.97%     -    0s
     0     2  275.70516    0    8  253.00000  275.70516  8.97%     -    0s

Explored 132 nodes (333 simplex iterations) in 0.19 seconds
Thread count was 8 (of 8 available processors)

Solution count 4: 253 237 114 95 

Optimal solution found (tolerance 1.00e-04)
Best objective 2.530000000000e+02, best bound 2.530000000000e+02, gap 0.0000%

Wrote result file 'a.sol'

